

================================================================
== Vivado HLS Report for 'bnn_xcel'
================================================================
* Date:           Sun Oct 29 21:13:09 2023

* Version:        2019.2.1 (Build 2724168 on Thu Dec 05 05:19:09 MST 2019)
* Project:        bnn_reshape.prj
* Solution:       solution1
* Product family: zynq
* Target device:  xc7z020-clg484-1


================================================================
== Performance Estimates
================================================================
+ Timing: 
    * Summary: 
    +--------+----------+----------+------------+
    |  Clock |  Target  | Estimated| Uncertainty|
    +--------+----------+----------+------------+
    |ap_clk  | 10.00 ns | 8.681 ns |   1.25 ns  |
    +--------+----------+----------+------------+

+ Latency: 
    * Summary: 
    +---------+---------+----------+----------+-------+-------+---------+
    |  Latency (cycles) |  Latency (absolute) |    Interval   | Pipeline|
    |   min   |   max   |    min   |    max   |  min  |  max  |   Type  |
    +---------+---------+----------+----------+-------+-------+---------+
    |    75542|    75542| 0.755 ms | 0.755 ms |  75542|  75542|   none  |
    +---------+---------+----------+----------+-------+-------+---------+

    + Detail: 
        * Instance: 
        +------------------------------------------------+------------------------------------+---------+---------+-----------+-----------+-------+-------+---------+
        |                                                |                                    |  Latency (cycles) |   Latency (absolute)  |    Interval   | Pipeline|
        |                    Instance                    |               Module               |   min   |   max   |    min    |    max    |  min  |  max  |   Type  |
        +------------------------------------------------+------------------------------------+---------+---------+-----------+-----------+-------+-------+---------+
        |grp_dense_512_256_s_fu_248                      |dense_512_256_s                     |      769|      769|  7.690 us |  7.690 us |    769|    769|   none  |
        |grp_dense_256_10_s_fu_764                       |dense_256_10_s                      |       31|       31|  0.310 us |  0.310 us |     31|     31|   none  |
        |call_ret_sign_256_s_fu_1025                     |sign_256_s                          |        0|        0|    0 ns   |    0 ns   |      0|      0|   none  |
        |grp_conv_16_32_10_s_fu_1285                     |conv_16_32_10_s                     |    22529|    22529|  0.225 ms |  0.225 ms |  22529|  22529|   none  |
        |grp_conv_1_16_18_s_fu_1297                      |conv_1_16_18_s                      |    40961|    40961|  0.410 ms |  0.410 ms |  40961|  40961|   none  |
        |grp_flatten_fu_1309                             |flatten                             |     1345|     1345| 13.450 us | 13.450 us |   1345|   1345|   none  |
        |grp_max_pool_16_16_s_fu_1314                    |max_pool_16_16_s                    |     2050|     2050| 20.500 us | 20.500 us |   2050|   2050|   none  |
        |grp_max_pool_32_8_s_fu_1320                     |max_pool_32_8_s                     |     1026|     1026| 10.260 us | 10.260 us |   1026|   1026|   none  |
        |grp_pad_16_8_s_fu_1326                          |pad_16_8_s                          |     2337|     2337| 23.370 us | 23.370 us |   2337|   2337|   none  |
        |grp_initialize_padded_memory_16_10_0_s_fu_1332  |initialize_padded_memory_16_10_0_s  |     3553|     3553| 35.530 us | 35.530 us |   3553|   3553|   none  |
        +------------------------------------------------+------------------------------------+---------+---------+-----------+-----------+-------+-------+---------+

        * Loop: 
        +--------------------+---------+---------+----------+-----------+-----------+------+----------+
        |                    |  Latency (cycles) | Iteration|  Initiation Interval  | Trip |          |
        |      Loop Name     |   min   |   max   |  Latency |  achieved |   target  | Count| Pipelined|
        +--------------------+---------+---------+----------+-----------+-----------+------+----------+
        |- LOOP_PAD_INIT_X   |      360|      360|        20|          -|          -|    18|    no    |
        | + LOOP_PAD_INIT_Y  |       18|       18|         1|          -|          -|    18|    no    |
        |- LOOP_PAD_X        |      544|      544|        34|          -|          -|    16|    no    |
        | + LOOP_PAD_Y       |       32|       32|         2|          -|          -|    16|    no    |
        |- LOOP_ARGMAX       |       18|       18|         2|          -|          -|     9|    no    |
        +--------------------+---------+---------+----------+-----------+-----------+------+----------+



================================================================
== Utilization Estimates
================================================================
* Summary: 
+-----------------+---------+-------+--------+-------+-----+
|       Name      | BRAM_18K| DSP48E|   FF   |  LUT  | URAM|
+-----------------+---------+-------+--------+-------+-----+
|DSP              |        -|      -|       -|      -|    -|
|Expression       |        -|      -|       0|    221|    -|
|FIFO             |        -|      -|       -|      -|    -|
|Instance         |        3|      -|    5665|  22134|    -|
|Memory           |        5|      -|      86|     16|    0|
|Multiplexer      |        -|      -|       -|    549|    -|
|Register         |        -|      -|     893|      -|    -|
+-----------------+---------+-------+--------+-------+-----+
|Total            |        8|      0|    6644|  22920|    0|
+-----------------+---------+-------+--------+-------+-----+
|Available        |      280|    220|  106400|  53200|    0|
+-----------------+---------+-------+--------+-------+-----+
|Utilization (%)  |        2|      0|       6|     43|    0|
+-----------------+---------+-------+--------+-------+-----+

+ Detail: 
    * Instance: 
    +------------------------------------------------+------------------------------------+---------+-------+------+------+-----+
    |                    Instance                    |               Module               | BRAM_18K| DSP48E|  FF  |  LUT | URAM|
    +------------------------------------------------+------------------------------------+---------+-------+------+------+-----+
    |grp_conv_16_32_10_s_fu_1285                     |conv_16_32_10_s                     |        3|      0|   198|  3701|    0|
    |grp_conv_1_16_18_s_fu_1297                      |conv_1_16_18_s                      |        0|      0|   166|  1723|    0|
    |grp_dense_256_10_s_fu_764                       |dense_256_10_s                      |        0|      0|   101|  4090|    0|
    |grp_dense_512_256_s_fu_248                      |dense_512_256_s                     |        0|      0|  4310|  8062|    0|
    |grp_flatten_fu_1309                             |flatten                             |        0|      0|   567|   171|    0|
    |grp_initialize_padded_memory_16_10_0_s_fu_1332  |initialize_padded_memory_16_10_0_s  |        0|      0|    50|   175|    0|
    |grp_max_pool_16_16_s_fu_1314                    |max_pool_16_16_s                    |        0|      0|   119|   357|    0|
    |grp_max_pool_32_8_s_fu_1320                     |max_pool_32_8_s                     |        0|      0|   103|   343|    0|
    |grp_pad_16_8_s_fu_1326                          |pad_16_8_s                          |        0|      0|    51|   184|    0|
    |call_ret_sign_256_s_fu_1025                     |sign_256_s                          |        0|      0|     0|  3328|    0|
    +------------------------------------------------+------------------------------------+---------+-------+------+------+-----+
    |Total                                           |                                    |        3|      0|  5665| 22134|    0|
    +------------------------------------------------+------------------------------------+---------+-------+------+------+-----+

    * DSP48E: 
    N/A

    * Memory: 
    +-----------------------+------------------------------+---------+----+----+-----+------+-----+------+-------------+
    |         Memory        |            Module            | BRAM_18K| FF | LUT| URAM| Words| Bits| Banks| W*Bits*Banks|
    +-----------------------+------------------------------+---------+----+----+-----+------+-----+------+-------------+
    |conv1_U                |bnn_xcel_conv1                |        1|   0|   0|    0|   256|   16|     1|         4096|
    |conv1_pooled_U         |bnn_xcel_conv1_pooled         |        1|   0|   0|    0|    64|   16|     1|         1024|
    |conv1_pooled_padded_U  |bnn_xcel_conv1_pooled_padded  |        1|   0|   0|    0|   100|   16|     1|         1600|
    |conv2_U                |bnn_xcel_conv2                |        2|   0|   0|    0|    64|   32|     1|         2048|
    |conv2_pooled_U         |bnn_xcel_conv2_pooled         |        0|  64|   8|    0|    16|   32|     1|          512|
    |dense2_V_U             |bnn_xcel_dense2_V             |        0|  20|   2|    0|    10|   10|     1|          100|
    |input_padded_U         |bnn_xcel_input_padded         |        0|   2|   6|    0|   324|    1|     1|          324|
    +-----------------------+------------------------------+---------+----+----+-----+------+-----+------+-------------+
    |Total                  |                              |        5|  86|  16|    0|   834|  123|     7|         9704|
    +-----------------------+------------------------------+---------+----+----+-----+------+-----+------+-------------+

    * FIFO: 
    N/A

    * Expression: 
    +---------------------------+----------+-------+---+----+------------+------------+
    |       Variable Name       | Operation| DSP48E| FF| LUT| Bitwidth P0| Bitwidth P1|
    +---------------------------+----------+-------+---+----+------------+------------+
    |add_ln27_1_fu_1431_p2      |     +    |      0|  0|  15|           5|           1|
    |add_ln27_4_fu_1449_p2      |     +    |      0|  0|  14|          10|          10|
    |add_ln27_5_fu_1483_p2      |     +    |      0|  0|  10|          10|          10|
    |add_ln27_6_fu_1489_p2      |     +    |      0|  0|  10|          10|          10|
    |add_ln27_fu_1411_p2        |     +    |      0|  0|  15|           5|           1|
    |add_ln43_fu_1343_p2        |     +    |      0|  0|  15|           5|           1|
    |add_ln45_fu_1385_p2        |     +    |      0|  0|  15|           5|           1|
    |add_ln46_2_fu_1395_p2      |     +    |      0|  0|  14|          10|          10|
    |add_ln46_fu_1373_p2        |     +    |      0|  0|  14|          10|          10|
    |i_fu_6659_p2               |     +    |      0|  0|  13|           4|           1|
    |icmp_ln169_fu_6622_p2      |   icmp   |      0|  0|   9|           4|           4|
    |icmp_ln24_fu_1405_p2       |   icmp   |      0|  0|  11|           5|           6|
    |icmp_ln26_fu_1425_p2       |   icmp   |      0|  0|  11|           5|           6|
    |icmp_ln43_fu_1337_p2       |   icmp   |      0|  0|  11|           5|           5|
    |icmp_ln45_fu_1379_p2       |   icmp   |      0|  0|  11|           5|           5|
    |icmp_ln895_fu_6637_p2      |   icmp   |      0|  0|  13|          16|          16|
    |select_ln170_1_fu_6651_p3  |  select  |      0|  0|  16|           1|          16|
    |select_ln170_fu_6643_p3    |  select  |      0|  0|   4|           1|           4|
    +---------------------------+----------+-------+---+----+------------+------------+
    |Total                      |          |      0|  0| 221|         116|         117|
    +---------------------------+----------+-------+---+----+------------+------------+

    * Multiplexer: 
    +------------------------------+-----+-----------+-----+-----------+
    |             Name             | LUT | Input Size| Bits| Total Bits|
    +------------------------------+-----+-----------+-----+-----------+
    |agg_result_V_0_i_reg_214      |    9|          2|    4|          8|
    |ap_NS_fsm                     |  117|         25|    1|         25|
    |ap_return                     |    9|          2|    4|          8|
    |conv1_address0                |   15|          3|    8|         24|
    |conv1_ce0                     |   15|          3|    1|          3|
    |conv1_ce1                     |    9|          2|    1|          2|
    |conv1_pooled_address0         |   15|          3|    6|         18|
    |conv1_pooled_ce0              |   15|          3|    1|          3|
    |conv1_pooled_padded_address0  |   21|          4|    7|         28|
    |conv1_pooled_padded_ce0       |   21|          4|    1|          4|
    |conv1_pooled_padded_ce1       |    9|          2|    1|          2|
    |conv1_pooled_padded_d0        |   15|          3|   16|         48|
    |conv1_pooled_padded_we0       |   15|          3|    1|          3|
    |conv1_pooled_we0              |    9|          2|    1|          2|
    |conv1_we0                     |    9|          2|    1|          2|
    |conv2_address0                |   15|          3|    6|         18|
    |conv2_ce0                     |   15|          3|    1|          3|
    |conv2_ce1                     |    9|          2|    1|          2|
    |conv2_pooled_address0         |   15|          3|    4|         12|
    |conv2_pooled_ce0              |   15|          3|    1|          3|
    |conv2_pooled_we0              |    9|          2|    1|          2|
    |conv2_we0                     |    9|          2|    1|          2|
    |dense2_V_address0             |   21|          4|    4|         16|
    |dense2_V_ce0                  |   15|          3|    1|          3|
    |dense2_V_we0                  |    9|          2|    1|          2|
    |input_padded_address0         |   21|          4|    9|         36|
    |input_padded_ce0              |   15|          3|    1|          3|
    |input_padded_ce1              |    9|          2|    1|          2|
    |input_padded_d0               |   15|          3|    1|          3|
    |max_id_V_reg_236              |    9|          2|    4|          8|
    |p_012_0_i_reg_226             |    9|          2|   16|         32|
    |x_0_0_i2152_reg_192           |    9|          2|    5|         10|
    |x_0_0_i_reg_170               |    9|          2|    5|         10|
    |y_0_0_i2153_reg_203           |    9|          2|    5|         10|
    |y_0_0_i_reg_181               |    9|          2|    5|         10|
    +------------------------------+-----+-----------+-----+-----------+
    |Total                         |  549|        114|  127|        367|
    +------------------------------+-----+-----------+-----+-----------+

    * Register: 
    +-------------------------------------------------------------+----+----+-----+-----------+
    |                             Name                            | FF | LUT| Bits| Const Bits|
    +-------------------------------------------------------------+----+----+-----+-----------+
    |add_ln27_1_reg_6707                                          |   5|   0|    5|          0|
    |add_ln27_6_reg_6717                                          |  10|   0|   10|          0|
    |add_ln27_reg_6689                                            |   5|   0|    5|          0|
    |add_ln43_reg_6668                                            |   5|   0|    5|          0|
    |add_ln46_reg_6673                                            |   9|   0|   10|          1|
    |agg_result_V_0_i_reg_214                                     |   4|   0|    4|          0|
    |ap_CS_fsm                                                    |  24|   0|   24|          0|
    |ap_return_preg                                               |   4|   0|    4|          0|
    |grp_conv_16_32_10_s_fu_1285_ap_start_reg                     |   1|   0|    1|          0|
    |grp_conv_1_16_18_s_fu_1297_ap_start_reg                      |   1|   0|    1|          0|
    |grp_dense_256_10_s_fu_764_ap_start_reg                       |   1|   0|    1|          0|
    |grp_dense_512_256_s_fu_248_ap_start_reg                      |   1|   0|    1|          0|
    |grp_flatten_fu_1309_ap_start_reg                             |   1|   0|    1|          0|
    |grp_initialize_padded_memory_16_10_0_s_fu_1332_ap_start_reg  |   1|   0|    1|          0|
    |grp_max_pool_16_16_s_fu_1314_ap_start_reg                    |   1|   0|    1|          0|
    |grp_max_pool_32_8_s_fu_1320_ap_start_reg                     |   1|   0|    1|          0|
    |grp_pad_16_8_s_fu_1326_ap_start_reg                          |   1|   0|    1|          0|
    |max_id_V_reg_236                                             |   4|   0|    4|          0|
    |p_012_0_i_reg_226                                            |  16|   0|   16|          0|
    |reshaped_0_reg_6722                                          |   1|   0|    1|          0|
    |reshaped_100_reg_7222                                        |   1|   0|    1|          0|
    |reshaped_101_reg_7227                                        |   1|   0|    1|          0|
    |reshaped_102_reg_7232                                        |   1|   0|    1|          0|
    |reshaped_103_reg_7237                                        |   1|   0|    1|          0|
    |reshaped_104_reg_7242                                        |   1|   0|    1|          0|
    |reshaped_105_reg_7247                                        |   1|   0|    1|          0|
    |reshaped_106_reg_7252                                        |   1|   0|    1|          0|
    |reshaped_107_reg_7257                                        |   1|   0|    1|          0|
    |reshaped_108_reg_7262                                        |   1|   0|    1|          0|
    |reshaped_109_reg_7267                                        |   1|   0|    1|          0|
    |reshaped_10_reg_6772                                         |   1|   0|    1|          0|
    |reshaped_110_reg_7272                                        |   1|   0|    1|          0|
    |reshaped_111_reg_7277                                        |   1|   0|    1|          0|
    |reshaped_112_reg_7282                                        |   1|   0|    1|          0|
    |reshaped_113_reg_7287                                        |   1|   0|    1|          0|
    |reshaped_114_reg_7292                                        |   1|   0|    1|          0|
    |reshaped_115_reg_7297                                        |   1|   0|    1|          0|
    |reshaped_116_reg_7302                                        |   1|   0|    1|          0|
    |reshaped_117_reg_7307                                        |   1|   0|    1|          0|
    |reshaped_118_reg_7312                                        |   1|   0|    1|          0|
    |reshaped_119_reg_7317                                        |   1|   0|    1|          0|
    |reshaped_11_reg_6777                                         |   1|   0|    1|          0|
    |reshaped_120_reg_7322                                        |   1|   0|    1|          0|
    |reshaped_121_reg_7327                                        |   1|   0|    1|          0|
    |reshaped_122_reg_7332                                        |   1|   0|    1|          0|
    |reshaped_123_reg_7337                                        |   1|   0|    1|          0|
    |reshaped_124_reg_7342                                        |   1|   0|    1|          0|
    |reshaped_125_reg_7347                                        |   1|   0|    1|          0|
    |reshaped_126_reg_7352                                        |   1|   0|    1|          0|
    |reshaped_127_reg_7357                                        |   1|   0|    1|          0|
    |reshaped_128_reg_7362                                        |   1|   0|    1|          0|
    |reshaped_129_reg_7367                                        |   1|   0|    1|          0|
    |reshaped_12_reg_6782                                         |   1|   0|    1|          0|
    |reshaped_130_reg_7372                                        |   1|   0|    1|          0|
    |reshaped_131_reg_7377                                        |   1|   0|    1|          0|
    |reshaped_132_reg_7382                                        |   1|   0|    1|          0|
    |reshaped_133_reg_7387                                        |   1|   0|    1|          0|
    |reshaped_134_reg_7392                                        |   1|   0|    1|          0|
    |reshaped_135_reg_7397                                        |   1|   0|    1|          0|
    |reshaped_136_reg_7402                                        |   1|   0|    1|          0|
    |reshaped_137_reg_7407                                        |   1|   0|    1|          0|
    |reshaped_138_reg_7412                                        |   1|   0|    1|          0|
    |reshaped_139_reg_7417                                        |   1|   0|    1|          0|
    |reshaped_13_reg_6787                                         |   1|   0|    1|          0|
    |reshaped_140_reg_7422                                        |   1|   0|    1|          0|
    |reshaped_141_reg_7427                                        |   1|   0|    1|          0|
    |reshaped_142_reg_7432                                        |   1|   0|    1|          0|
    |reshaped_143_reg_7437                                        |   1|   0|    1|          0|
    |reshaped_144_reg_7442                                        |   1|   0|    1|          0|
    |reshaped_145_reg_7447                                        |   1|   0|    1|          0|
    |reshaped_146_reg_7452                                        |   1|   0|    1|          0|
    |reshaped_147_reg_7457                                        |   1|   0|    1|          0|
    |reshaped_148_reg_7462                                        |   1|   0|    1|          0|
    |reshaped_149_reg_7467                                        |   1|   0|    1|          0|
    |reshaped_14_reg_6792                                         |   1|   0|    1|          0|
    |reshaped_150_reg_7472                                        |   1|   0|    1|          0|
    |reshaped_151_reg_7477                                        |   1|   0|    1|          0|
    |reshaped_152_reg_7482                                        |   1|   0|    1|          0|
    |reshaped_153_reg_7487                                        |   1|   0|    1|          0|
    |reshaped_154_reg_7492                                        |   1|   0|    1|          0|
    |reshaped_155_reg_7497                                        |   1|   0|    1|          0|
    |reshaped_156_reg_7502                                        |   1|   0|    1|          0|
    |reshaped_157_reg_7507                                        |   1|   0|    1|          0|
    |reshaped_158_reg_7512                                        |   1|   0|    1|          0|
    |reshaped_159_reg_7517                                        |   1|   0|    1|          0|
    |reshaped_15_reg_6797                                         |   1|   0|    1|          0|
    |reshaped_160_reg_7522                                        |   1|   0|    1|          0|
    |reshaped_161_reg_7527                                        |   1|   0|    1|          0|
    |reshaped_162_reg_7532                                        |   1|   0|    1|          0|
    |reshaped_163_reg_7537                                        |   1|   0|    1|          0|
    |reshaped_164_reg_7542                                        |   1|   0|    1|          0|
    |reshaped_165_reg_7547                                        |   1|   0|    1|          0|
    |reshaped_166_reg_7552                                        |   1|   0|    1|          0|
    |reshaped_167_reg_7557                                        |   1|   0|    1|          0|
    |reshaped_168_reg_7562                                        |   1|   0|    1|          0|
    |reshaped_169_reg_7567                                        |   1|   0|    1|          0|
    |reshaped_16_reg_6802                                         |   1|   0|    1|          0|
    |reshaped_170_reg_7572                                        |   1|   0|    1|          0|
    |reshaped_171_reg_7577                                        |   1|   0|    1|          0|
    |reshaped_172_reg_7582                                        |   1|   0|    1|          0|
    |reshaped_173_reg_7587                                        |   1|   0|    1|          0|
    |reshaped_174_reg_7592                                        |   1|   0|    1|          0|
    |reshaped_175_reg_7597                                        |   1|   0|    1|          0|
    |reshaped_176_reg_7602                                        |   1|   0|    1|          0|
    |reshaped_177_reg_7607                                        |   1|   0|    1|          0|
    |reshaped_178_reg_7612                                        |   1|   0|    1|          0|
    |reshaped_179_reg_7617                                        |   1|   0|    1|          0|
    |reshaped_17_reg_6807                                         |   1|   0|    1|          0|
    |reshaped_180_reg_7622                                        |   1|   0|    1|          0|
    |reshaped_181_reg_7627                                        |   1|   0|    1|          0|
    |reshaped_182_reg_7632                                        |   1|   0|    1|          0|
    |reshaped_183_reg_7637                                        |   1|   0|    1|          0|
    |reshaped_184_reg_7642                                        |   1|   0|    1|          0|
    |reshaped_185_reg_7647                                        |   1|   0|    1|          0|
    |reshaped_186_reg_7652                                        |   1|   0|    1|          0|
    |reshaped_187_reg_7657                                        |   1|   0|    1|          0|
    |reshaped_188_reg_7662                                        |   1|   0|    1|          0|
    |reshaped_189_reg_7667                                        |   1|   0|    1|          0|
    |reshaped_18_reg_6812                                         |   1|   0|    1|          0|
    |reshaped_190_reg_7672                                        |   1|   0|    1|          0|
    |reshaped_191_reg_7677                                        |   1|   0|    1|          0|
    |reshaped_192_reg_7682                                        |   1|   0|    1|          0|
    |reshaped_193_reg_7687                                        |   1|   0|    1|          0|
    |reshaped_194_reg_7692                                        |   1|   0|    1|          0|
    |reshaped_195_reg_7697                                        |   1|   0|    1|          0|
    |reshaped_196_reg_7702                                        |   1|   0|    1|          0|
    |reshaped_197_reg_7707                                        |   1|   0|    1|          0|
    |reshaped_198_reg_7712                                        |   1|   0|    1|          0|
    |reshaped_199_reg_7717                                        |   1|   0|    1|          0|
    |reshaped_19_reg_6817                                         |   1|   0|    1|          0|
    |reshaped_1_reg_6727                                          |   1|   0|    1|          0|
    |reshaped_200_reg_7722                                        |   1|   0|    1|          0|
    |reshaped_201_reg_7727                                        |   1|   0|    1|          0|
    |reshaped_202_reg_7732                                        |   1|   0|    1|          0|
    |reshaped_203_reg_7737                                        |   1|   0|    1|          0|
    |reshaped_204_reg_7742                                        |   1|   0|    1|          0|
    |reshaped_205_reg_7747                                        |   1|   0|    1|          0|
    |reshaped_206_reg_7752                                        |   1|   0|    1|          0|
    |reshaped_207_reg_7757                                        |   1|   0|    1|          0|
    |reshaped_208_reg_7762                                        |   1|   0|    1|          0|
    |reshaped_209_reg_7767                                        |   1|   0|    1|          0|
    |reshaped_20_reg_6822                                         |   1|   0|    1|          0|
    |reshaped_210_reg_7772                                        |   1|   0|    1|          0|
    |reshaped_211_reg_7777                                        |   1|   0|    1|          0|
    |reshaped_212_reg_7782                                        |   1|   0|    1|          0|
    |reshaped_213_reg_7787                                        |   1|   0|    1|          0|
    |reshaped_214_reg_7792                                        |   1|   0|    1|          0|
    |reshaped_215_reg_7797                                        |   1|   0|    1|          0|
    |reshaped_216_reg_7802                                        |   1|   0|    1|          0|
    |reshaped_217_reg_7807                                        |   1|   0|    1|          0|
    |reshaped_218_reg_7812                                        |   1|   0|    1|          0|
    |reshaped_219_reg_7817                                        |   1|   0|    1|          0|
    |reshaped_21_reg_6827                                         |   1|   0|    1|          0|
    |reshaped_220_reg_7822                                        |   1|   0|    1|          0|
    |reshaped_221_reg_7827                                        |   1|   0|    1|          0|
    |reshaped_222_reg_7832                                        |   1|   0|    1|          0|
    |reshaped_223_reg_7837                                        |   1|   0|    1|          0|
    |reshaped_224_reg_7842                                        |   1|   0|    1|          0|
    |reshaped_225_reg_7847                                        |   1|   0|    1|          0|
    |reshaped_226_reg_7852                                        |   1|   0|    1|          0|
    |reshaped_227_reg_7857                                        |   1|   0|    1|          0|
    |reshaped_228_reg_7862                                        |   1|   0|    1|          0|
    |reshaped_229_reg_7867                                        |   1|   0|    1|          0|
    |reshaped_22_reg_6832                                         |   1|   0|    1|          0|
    |reshaped_230_reg_7872                                        |   1|   0|    1|          0|
    |reshaped_231_reg_7877                                        |   1|   0|    1|          0|
    |reshaped_232_reg_7882                                        |   1|   0|    1|          0|
    |reshaped_233_reg_7887                                        |   1|   0|    1|          0|
    |reshaped_234_reg_7892                                        |   1|   0|    1|          0|
    |reshaped_235_reg_7897                                        |   1|   0|    1|          0|
    |reshaped_236_reg_7902                                        |   1|   0|    1|          0|
    |reshaped_237_reg_7907                                        |   1|   0|    1|          0|
    |reshaped_238_reg_7912                                        |   1|   0|    1|          0|
    |reshaped_239_reg_7917                                        |   1|   0|    1|          0|
    |reshaped_23_reg_6837                                         |   1|   0|    1|          0|
    |reshaped_240_reg_7922                                        |   1|   0|    1|          0|
    |reshaped_241_reg_7927                                        |   1|   0|    1|          0|
    |reshaped_242_reg_7932                                        |   1|   0|    1|          0|
    |reshaped_243_reg_7937                                        |   1|   0|    1|          0|
    |reshaped_244_reg_7942                                        |   1|   0|    1|          0|
    |reshaped_245_reg_7947                                        |   1|   0|    1|          0|
    |reshaped_246_reg_7952                                        |   1|   0|    1|          0|
    |reshaped_247_reg_7957                                        |   1|   0|    1|          0|
    |reshaped_248_reg_7962                                        |   1|   0|    1|          0|
    |reshaped_249_reg_7967                                        |   1|   0|    1|          0|
    |reshaped_24_reg_6842                                         |   1|   0|    1|          0|
    |reshaped_250_reg_7972                                        |   1|   0|    1|          0|
    |reshaped_251_reg_7977                                        |   1|   0|    1|          0|
    |reshaped_252_reg_7982                                        |   1|   0|    1|          0|
    |reshaped_253_reg_7987                                        |   1|   0|    1|          0|
    |reshaped_254_reg_7992                                        |   1|   0|    1|          0|
    |reshaped_255_reg_7997                                        |   1|   0|    1|          0|
    |reshaped_256_reg_8002                                        |   1|   0|    1|          0|
    |reshaped_257_reg_8007                                        |   1|   0|    1|          0|
    |reshaped_258_reg_8012                                        |   1|   0|    1|          0|
    |reshaped_259_reg_8017                                        |   1|   0|    1|          0|
    |reshaped_25_reg_6847                                         |   1|   0|    1|          0|
    |reshaped_260_reg_8022                                        |   1|   0|    1|          0|
    |reshaped_261_reg_8027                                        |   1|   0|    1|          0|
    |reshaped_262_reg_8032                                        |   1|   0|    1|          0|
    |reshaped_263_reg_8037                                        |   1|   0|    1|          0|
    |reshaped_264_reg_8042                                        |   1|   0|    1|          0|
    |reshaped_265_reg_8047                                        |   1|   0|    1|          0|
    |reshaped_266_reg_8052                                        |   1|   0|    1|          0|
    |reshaped_267_reg_8057                                        |   1|   0|    1|          0|
    |reshaped_268_reg_8062                                        |   1|   0|    1|          0|
    |reshaped_269_reg_8067                                        |   1|   0|    1|          0|
    |reshaped_26_reg_6852                                         |   1|   0|    1|          0|
    |reshaped_270_reg_8072                                        |   1|   0|    1|          0|
    |reshaped_271_reg_8077                                        |   1|   0|    1|          0|
    |reshaped_272_reg_8082                                        |   1|   0|    1|          0|
    |reshaped_273_reg_8087                                        |   1|   0|    1|          0|
    |reshaped_274_reg_8092                                        |   1|   0|    1|          0|
    |reshaped_275_reg_8097                                        |   1|   0|    1|          0|
    |reshaped_276_reg_8102                                        |   1|   0|    1|          0|
    |reshaped_277_reg_8107                                        |   1|   0|    1|          0|
    |reshaped_278_reg_8112                                        |   1|   0|    1|          0|
    |reshaped_279_reg_8117                                        |   1|   0|    1|          0|
    |reshaped_27_reg_6857                                         |   1|   0|    1|          0|
    |reshaped_280_reg_8122                                        |   1|   0|    1|          0|
    |reshaped_281_reg_8127                                        |   1|   0|    1|          0|
    |reshaped_282_reg_8132                                        |   1|   0|    1|          0|
    |reshaped_283_reg_8137                                        |   1|   0|    1|          0|
    |reshaped_284_reg_8142                                        |   1|   0|    1|          0|
    |reshaped_285_reg_8147                                        |   1|   0|    1|          0|
    |reshaped_286_reg_8152                                        |   1|   0|    1|          0|
    |reshaped_287_reg_8157                                        |   1|   0|    1|          0|
    |reshaped_288_reg_8162                                        |   1|   0|    1|          0|
    |reshaped_289_reg_8167                                        |   1|   0|    1|          0|
    |reshaped_28_reg_6862                                         |   1|   0|    1|          0|
    |reshaped_290_reg_8172                                        |   1|   0|    1|          0|
    |reshaped_291_reg_8177                                        |   1|   0|    1|          0|
    |reshaped_292_reg_8182                                        |   1|   0|    1|          0|
    |reshaped_293_reg_8187                                        |   1|   0|    1|          0|
    |reshaped_294_reg_8192                                        |   1|   0|    1|          0|
    |reshaped_295_reg_8197                                        |   1|   0|    1|          0|
    |reshaped_296_reg_8202                                        |   1|   0|    1|          0|
    |reshaped_297_reg_8207                                        |   1|   0|    1|          0|
    |reshaped_298_reg_8212                                        |   1|   0|    1|          0|
    |reshaped_299_reg_8217                                        |   1|   0|    1|          0|
    |reshaped_29_reg_6867                                         |   1|   0|    1|          0|
    |reshaped_2_reg_6732                                          |   1|   0|    1|          0|
    |reshaped_300_reg_8222                                        |   1|   0|    1|          0|
    |reshaped_301_reg_8227                                        |   1|   0|    1|          0|
    |reshaped_302_reg_8232                                        |   1|   0|    1|          0|
    |reshaped_303_reg_8237                                        |   1|   0|    1|          0|
    |reshaped_304_reg_8242                                        |   1|   0|    1|          0|
    |reshaped_305_reg_8247                                        |   1|   0|    1|          0|
    |reshaped_306_reg_8252                                        |   1|   0|    1|          0|
    |reshaped_307_reg_8257                                        |   1|   0|    1|          0|
    |reshaped_308_reg_8262                                        |   1|   0|    1|          0|
    |reshaped_309_reg_8267                                        |   1|   0|    1|          0|
    |reshaped_30_reg_6872                                         |   1|   0|    1|          0|
    |reshaped_310_reg_8272                                        |   1|   0|    1|          0|
    |reshaped_311_reg_8277                                        |   1|   0|    1|          0|
    |reshaped_312_reg_8282                                        |   1|   0|    1|          0|
    |reshaped_313_reg_8287                                        |   1|   0|    1|          0|
    |reshaped_314_reg_8292                                        |   1|   0|    1|          0|
    |reshaped_315_reg_8297                                        |   1|   0|    1|          0|
    |reshaped_316_reg_8302                                        |   1|   0|    1|          0|
    |reshaped_317_reg_8307                                        |   1|   0|    1|          0|
    |reshaped_318_reg_8312                                        |   1|   0|    1|          0|
    |reshaped_319_reg_8317                                        |   1|   0|    1|          0|
    |reshaped_31_reg_6877                                         |   1|   0|    1|          0|
    |reshaped_320_reg_8322                                        |   1|   0|    1|          0|
    |reshaped_321_reg_8327                                        |   1|   0|    1|          0|
    |reshaped_322_reg_8332                                        |   1|   0|    1|          0|
    |reshaped_323_reg_8337                                        |   1|   0|    1|          0|
    |reshaped_324_reg_8342                                        |   1|   0|    1|          0|
    |reshaped_325_reg_8347                                        |   1|   0|    1|          0|
    |reshaped_326_reg_8352                                        |   1|   0|    1|          0|
    |reshaped_327_reg_8357                                        |   1|   0|    1|          0|
    |reshaped_328_reg_8362                                        |   1|   0|    1|          0|
    |reshaped_329_reg_8367                                        |   1|   0|    1|          0|
    |reshaped_32_reg_6882                                         |   1|   0|    1|          0|
    |reshaped_330_reg_8372                                        |   1|   0|    1|          0|
    |reshaped_331_reg_8377                                        |   1|   0|    1|          0|
    |reshaped_332_reg_8382                                        |   1|   0|    1|          0|
    |reshaped_333_reg_8387                                        |   1|   0|    1|          0|
    |reshaped_334_reg_8392                                        |   1|   0|    1|          0|
    |reshaped_335_reg_8397                                        |   1|   0|    1|          0|
    |reshaped_336_reg_8402                                        |   1|   0|    1|          0|
    |reshaped_337_reg_8407                                        |   1|   0|    1|          0|
    |reshaped_338_reg_8412                                        |   1|   0|    1|          0|
    |reshaped_339_reg_8417                                        |   1|   0|    1|          0|
    |reshaped_33_reg_6887                                         |   1|   0|    1|          0|
    |reshaped_340_reg_8422                                        |   1|   0|    1|          0|
    |reshaped_341_reg_8427                                        |   1|   0|    1|          0|
    |reshaped_342_reg_8432                                        |   1|   0|    1|          0|
    |reshaped_343_reg_8437                                        |   1|   0|    1|          0|
    |reshaped_344_reg_8442                                        |   1|   0|    1|          0|
    |reshaped_345_reg_8447                                        |   1|   0|    1|          0|
    |reshaped_346_reg_8452                                        |   1|   0|    1|          0|
    |reshaped_347_reg_8457                                        |   1|   0|    1|          0|
    |reshaped_348_reg_8462                                        |   1|   0|    1|          0|
    |reshaped_349_reg_8467                                        |   1|   0|    1|          0|
    |reshaped_34_reg_6892                                         |   1|   0|    1|          0|
    |reshaped_350_reg_8472                                        |   1|   0|    1|          0|
    |reshaped_351_reg_8477                                        |   1|   0|    1|          0|
    |reshaped_352_reg_8482                                        |   1|   0|    1|          0|
    |reshaped_353_reg_8487                                        |   1|   0|    1|          0|
    |reshaped_354_reg_8492                                        |   1|   0|    1|          0|
    |reshaped_355_reg_8497                                        |   1|   0|    1|          0|
    |reshaped_356_reg_8502                                        |   1|   0|    1|          0|
    |reshaped_357_reg_8507                                        |   1|   0|    1|          0|
    |reshaped_358_reg_8512                                        |   1|   0|    1|          0|
    |reshaped_359_reg_8517                                        |   1|   0|    1|          0|
    |reshaped_35_reg_6897                                         |   1|   0|    1|          0|
    |reshaped_360_reg_8522                                        |   1|   0|    1|          0|
    |reshaped_361_reg_8527                                        |   1|   0|    1|          0|
    |reshaped_362_reg_8532                                        |   1|   0|    1|          0|
    |reshaped_363_reg_8537                                        |   1|   0|    1|          0|
    |reshaped_364_reg_8542                                        |   1|   0|    1|          0|
    |reshaped_365_reg_8547                                        |   1|   0|    1|          0|
    |reshaped_366_reg_8552                                        |   1|   0|    1|          0|
    |reshaped_367_reg_8557                                        |   1|   0|    1|          0|
    |reshaped_368_reg_8562                                        |   1|   0|    1|          0|
    |reshaped_369_reg_8567                                        |   1|   0|    1|          0|
    |reshaped_36_reg_6902                                         |   1|   0|    1|          0|
    |reshaped_370_reg_8572                                        |   1|   0|    1|          0|
    |reshaped_371_reg_8577                                        |   1|   0|    1|          0|
    |reshaped_372_reg_8582                                        |   1|   0|    1|          0|
    |reshaped_373_reg_8587                                        |   1|   0|    1|          0|
    |reshaped_374_reg_8592                                        |   1|   0|    1|          0|
    |reshaped_375_reg_8597                                        |   1|   0|    1|          0|
    |reshaped_376_reg_8602                                        |   1|   0|    1|          0|
    |reshaped_377_reg_8607                                        |   1|   0|    1|          0|
    |reshaped_378_reg_8612                                        |   1|   0|    1|          0|
    |reshaped_379_reg_8617                                        |   1|   0|    1|          0|
    |reshaped_37_reg_6907                                         |   1|   0|    1|          0|
    |reshaped_380_reg_8622                                        |   1|   0|    1|          0|
    |reshaped_381_reg_8627                                        |   1|   0|    1|          0|
    |reshaped_382_reg_8632                                        |   1|   0|    1|          0|
    |reshaped_383_reg_8637                                        |   1|   0|    1|          0|
    |reshaped_384_reg_8642                                        |   1|   0|    1|          0|
    |reshaped_385_reg_8647                                        |   1|   0|    1|          0|
    |reshaped_386_reg_8652                                        |   1|   0|    1|          0|
    |reshaped_387_reg_8657                                        |   1|   0|    1|          0|
    |reshaped_388_reg_8662                                        |   1|   0|    1|          0|
    |reshaped_389_reg_8667                                        |   1|   0|    1|          0|
    |reshaped_38_reg_6912                                         |   1|   0|    1|          0|
    |reshaped_390_reg_8672                                        |   1|   0|    1|          0|
    |reshaped_391_reg_8677                                        |   1|   0|    1|          0|
    |reshaped_392_reg_8682                                        |   1|   0|    1|          0|
    |reshaped_393_reg_8687                                        |   1|   0|    1|          0|
    |reshaped_394_reg_8692                                        |   1|   0|    1|          0|
    |reshaped_395_reg_8697                                        |   1|   0|    1|          0|
    |reshaped_396_reg_8702                                        |   1|   0|    1|          0|
    |reshaped_397_reg_8707                                        |   1|   0|    1|          0|
    |reshaped_398_reg_8712                                        |   1|   0|    1|          0|
    |reshaped_399_reg_8717                                        |   1|   0|    1|          0|
    |reshaped_39_reg_6917                                         |   1|   0|    1|          0|
    |reshaped_3_reg_6737                                          |   1|   0|    1|          0|
    |reshaped_400_reg_8722                                        |   1|   0|    1|          0|
    |reshaped_401_reg_8727                                        |   1|   0|    1|          0|
    |reshaped_402_reg_8732                                        |   1|   0|    1|          0|
    |reshaped_403_reg_8737                                        |   1|   0|    1|          0|
    |reshaped_404_reg_8742                                        |   1|   0|    1|          0|
    |reshaped_405_reg_8747                                        |   1|   0|    1|          0|
    |reshaped_406_reg_8752                                        |   1|   0|    1|          0|
    |reshaped_407_reg_8757                                        |   1|   0|    1|          0|
    |reshaped_408_reg_8762                                        |   1|   0|    1|          0|
    |reshaped_409_reg_8767                                        |   1|   0|    1|          0|
    |reshaped_40_reg_6922                                         |   1|   0|    1|          0|
    |reshaped_410_reg_8772                                        |   1|   0|    1|          0|
    |reshaped_411_reg_8777                                        |   1|   0|    1|          0|
    |reshaped_412_reg_8782                                        |   1|   0|    1|          0|
    |reshaped_413_reg_8787                                        |   1|   0|    1|          0|
    |reshaped_414_reg_8792                                        |   1|   0|    1|          0|
    |reshaped_415_reg_8797                                        |   1|   0|    1|          0|
    |reshaped_416_reg_8802                                        |   1|   0|    1|          0|
    |reshaped_417_reg_8807                                        |   1|   0|    1|          0|
    |reshaped_418_reg_8812                                        |   1|   0|    1|          0|
    |reshaped_419_reg_8817                                        |   1|   0|    1|          0|
    |reshaped_41_reg_6927                                         |   1|   0|    1|          0|
    |reshaped_420_reg_8822                                        |   1|   0|    1|          0|
    |reshaped_421_reg_8827                                        |   1|   0|    1|          0|
    |reshaped_422_reg_8832                                        |   1|   0|    1|          0|
    |reshaped_423_reg_8837                                        |   1|   0|    1|          0|
    |reshaped_424_reg_8842                                        |   1|   0|    1|          0|
    |reshaped_425_reg_8847                                        |   1|   0|    1|          0|
    |reshaped_426_reg_8852                                        |   1|   0|    1|          0|
    |reshaped_427_reg_8857                                        |   1|   0|    1|          0|
    |reshaped_428_reg_8862                                        |   1|   0|    1|          0|
    |reshaped_429_reg_8867                                        |   1|   0|    1|          0|
    |reshaped_42_reg_6932                                         |   1|   0|    1|          0|
    |reshaped_430_reg_8872                                        |   1|   0|    1|          0|
    |reshaped_431_reg_8877                                        |   1|   0|    1|          0|
    |reshaped_432_reg_8882                                        |   1|   0|    1|          0|
    |reshaped_433_reg_8887                                        |   1|   0|    1|          0|
    |reshaped_434_reg_8892                                        |   1|   0|    1|          0|
    |reshaped_435_reg_8897                                        |   1|   0|    1|          0|
    |reshaped_436_reg_8902                                        |   1|   0|    1|          0|
    |reshaped_437_reg_8907                                        |   1|   0|    1|          0|
    |reshaped_438_reg_8912                                        |   1|   0|    1|          0|
    |reshaped_439_reg_8917                                        |   1|   0|    1|          0|
    |reshaped_43_reg_6937                                         |   1|   0|    1|          0|
    |reshaped_440_reg_8922                                        |   1|   0|    1|          0|
    |reshaped_441_reg_8927                                        |   1|   0|    1|          0|
    |reshaped_442_reg_8932                                        |   1|   0|    1|          0|
    |reshaped_443_reg_8937                                        |   1|   0|    1|          0|
    |reshaped_444_reg_8942                                        |   1|   0|    1|          0|
    |reshaped_445_reg_8947                                        |   1|   0|    1|          0|
    |reshaped_446_reg_8952                                        |   1|   0|    1|          0|
    |reshaped_447_reg_8957                                        |   1|   0|    1|          0|
    |reshaped_448_reg_8962                                        |   1|   0|    1|          0|
    |reshaped_449_reg_8967                                        |   1|   0|    1|          0|
    |reshaped_44_reg_6942                                         |   1|   0|    1|          0|
    |reshaped_450_reg_8972                                        |   1|   0|    1|          0|
    |reshaped_451_reg_8977                                        |   1|   0|    1|          0|
    |reshaped_452_reg_8982                                        |   1|   0|    1|          0|
    |reshaped_453_reg_8987                                        |   1|   0|    1|          0|
    |reshaped_454_reg_8992                                        |   1|   0|    1|          0|
    |reshaped_455_reg_8997                                        |   1|   0|    1|          0|
    |reshaped_456_reg_9002                                        |   1|   0|    1|          0|
    |reshaped_457_reg_9007                                        |   1|   0|    1|          0|
    |reshaped_458_reg_9012                                        |   1|   0|    1|          0|
    |reshaped_459_reg_9017                                        |   1|   0|    1|          0|
    |reshaped_45_reg_6947                                         |   1|   0|    1|          0|
    |reshaped_460_reg_9022                                        |   1|   0|    1|          0|
    |reshaped_461_reg_9027                                        |   1|   0|    1|          0|
    |reshaped_462_reg_9032                                        |   1|   0|    1|          0|
    |reshaped_463_reg_9037                                        |   1|   0|    1|          0|
    |reshaped_464_reg_9042                                        |   1|   0|    1|          0|
    |reshaped_465_reg_9047                                        |   1|   0|    1|          0|
    |reshaped_466_reg_9052                                        |   1|   0|    1|          0|
    |reshaped_467_reg_9057                                        |   1|   0|    1|          0|
    |reshaped_468_reg_9062                                        |   1|   0|    1|          0|
    |reshaped_469_reg_9067                                        |   1|   0|    1|          0|
    |reshaped_46_reg_6952                                         |   1|   0|    1|          0|
    |reshaped_470_reg_9072                                        |   1|   0|    1|          0|
    |reshaped_471_reg_9077                                        |   1|   0|    1|          0|
    |reshaped_472_reg_9082                                        |   1|   0|    1|          0|
    |reshaped_473_reg_9087                                        |   1|   0|    1|          0|
    |reshaped_474_reg_9092                                        |   1|   0|    1|          0|
    |reshaped_475_reg_9097                                        |   1|   0|    1|          0|
    |reshaped_476_reg_9102                                        |   1|   0|    1|          0|
    |reshaped_477_reg_9107                                        |   1|   0|    1|          0|
    |reshaped_478_reg_9112                                        |   1|   0|    1|          0|
    |reshaped_479_reg_9117                                        |   1|   0|    1|          0|
    |reshaped_47_reg_6957                                         |   1|   0|    1|          0|
    |reshaped_480_reg_9122                                        |   1|   0|    1|          0|
    |reshaped_481_reg_9127                                        |   1|   0|    1|          0|
    |reshaped_482_reg_9132                                        |   1|   0|    1|          0|
    |reshaped_483_reg_9137                                        |   1|   0|    1|          0|
    |reshaped_484_reg_9142                                        |   1|   0|    1|          0|
    |reshaped_485_reg_9147                                        |   1|   0|    1|          0|
    |reshaped_486_reg_9152                                        |   1|   0|    1|          0|
    |reshaped_487_reg_9157                                        |   1|   0|    1|          0|
    |reshaped_488_reg_9162                                        |   1|   0|    1|          0|
    |reshaped_489_reg_9167                                        |   1|   0|    1|          0|
    |reshaped_48_reg_6962                                         |   1|   0|    1|          0|
    |reshaped_490_reg_9172                                        |   1|   0|    1|          0|
    |reshaped_491_reg_9177                                        |   1|   0|    1|          0|
    |reshaped_492_reg_9182                                        |   1|   0|    1|          0|
    |reshaped_493_reg_9187                                        |   1|   0|    1|          0|
    |reshaped_494_reg_9192                                        |   1|   0|    1|          0|
    |reshaped_495_reg_9197                                        |   1|   0|    1|          0|
    |reshaped_496_reg_9202                                        |   1|   0|    1|          0|
    |reshaped_497_reg_9207                                        |   1|   0|    1|          0|
    |reshaped_498_reg_9212                                        |   1|   0|    1|          0|
    |reshaped_499_reg_9217                                        |   1|   0|    1|          0|
    |reshaped_49_reg_6967                                         |   1|   0|    1|          0|
    |reshaped_4_reg_6742                                          |   1|   0|    1|          0|
    |reshaped_500_reg_9222                                        |   1|   0|    1|          0|
    |reshaped_501_reg_9227                                        |   1|   0|    1|          0|
    |reshaped_502_reg_9232                                        |   1|   0|    1|          0|
    |reshaped_503_reg_9237                                        |   1|   0|    1|          0|
    |reshaped_504_reg_9242                                        |   1|   0|    1|          0|
    |reshaped_505_reg_9247                                        |   1|   0|    1|          0|
    |reshaped_506_reg_9252                                        |   1|   0|    1|          0|
    |reshaped_507_reg_9257                                        |   1|   0|    1|          0|
    |reshaped_508_reg_9262                                        |   1|   0|    1|          0|
    |reshaped_509_reg_9267                                        |   1|   0|    1|          0|
    |reshaped_50_reg_6972                                         |   1|   0|    1|          0|
    |reshaped_510_reg_9272                                        |   1|   0|    1|          0|
    |reshaped_511_reg_9277                                        |   1|   0|    1|          0|
    |reshaped_51_reg_6977                                         |   1|   0|    1|          0|
    |reshaped_52_reg_6982                                         |   1|   0|    1|          0|
    |reshaped_53_reg_6987                                         |   1|   0|    1|          0|
    |reshaped_54_reg_6992                                         |   1|   0|    1|          0|
    |reshaped_55_reg_6997                                         |   1|   0|    1|          0|
    |reshaped_56_reg_7002                                         |   1|   0|    1|          0|
    |reshaped_57_reg_7007                                         |   1|   0|    1|          0|
    |reshaped_58_reg_7012                                         |   1|   0|    1|          0|
    |reshaped_59_reg_7017                                         |   1|   0|    1|          0|
    |reshaped_5_reg_6747                                          |   1|   0|    1|          0|
    |reshaped_60_reg_7022                                         |   1|   0|    1|          0|
    |reshaped_61_reg_7027                                         |   1|   0|    1|          0|
    |reshaped_62_reg_7032                                         |   1|   0|    1|          0|
    |reshaped_63_reg_7037                                         |   1|   0|    1|          0|
    |reshaped_64_reg_7042                                         |   1|   0|    1|          0|
    |reshaped_65_reg_7047                                         |   1|   0|    1|          0|
    |reshaped_66_reg_7052                                         |   1|   0|    1|          0|
    |reshaped_67_reg_7057                                         |   1|   0|    1|          0|
    |reshaped_68_reg_7062                                         |   1|   0|    1|          0|
    |reshaped_69_reg_7067                                         |   1|   0|    1|          0|
    |reshaped_6_reg_6752                                          |   1|   0|    1|          0|
    |reshaped_70_reg_7072                                         |   1|   0|    1|          0|
    |reshaped_71_reg_7077                                         |   1|   0|    1|          0|
    |reshaped_72_reg_7082                                         |   1|   0|    1|          0|
    |reshaped_73_reg_7087                                         |   1|   0|    1|          0|
    |reshaped_74_reg_7092                                         |   1|   0|    1|          0|
    |reshaped_75_reg_7097                                         |   1|   0|    1|          0|
    |reshaped_76_reg_7102                                         |   1|   0|    1|          0|
    |reshaped_77_reg_7107                                         |   1|   0|    1|          0|
    |reshaped_78_reg_7112                                         |   1|   0|    1|          0|
    |reshaped_79_reg_7117                                         |   1|   0|    1|          0|
    |reshaped_7_reg_6757                                          |   1|   0|    1|          0|
    |reshaped_80_reg_7122                                         |   1|   0|    1|          0|
    |reshaped_81_reg_7127                                         |   1|   0|    1|          0|
    |reshaped_82_reg_7132                                         |   1|   0|    1|          0|
    |reshaped_83_reg_7137                                         |   1|   0|    1|          0|
    |reshaped_84_reg_7142                                         |   1|   0|    1|          0|
    |reshaped_85_reg_7147                                         |   1|   0|    1|          0|
    |reshaped_86_reg_7152                                         |   1|   0|    1|          0|
    |reshaped_87_reg_7157                                         |   1|   0|    1|          0|
    |reshaped_88_reg_7162                                         |   1|   0|    1|          0|
    |reshaped_89_reg_7167                                         |   1|   0|    1|          0|
    |reshaped_8_reg_6762                                          |   1|   0|    1|          0|
    |reshaped_90_reg_7172                                         |   1|   0|    1|          0|
    |reshaped_91_reg_7177                                         |   1|   0|    1|          0|
    |reshaped_92_reg_7182                                         |   1|   0|    1|          0|
    |reshaped_93_reg_7187                                         |   1|   0|    1|          0|
    |reshaped_94_reg_7192                                         |   1|   0|    1|          0|
    |reshaped_95_reg_7197                                         |   1|   0|    1|          0|
    |reshaped_96_reg_7202                                         |   1|   0|    1|          0|
    |reshaped_97_reg_7207                                         |   1|   0|    1|          0|
    |reshaped_98_reg_7212                                         |   1|   0|    1|          0|
    |reshaped_99_reg_7217                                         |   1|   0|    1|          0|
    |reshaped_9_reg_6767                                          |   1|   0|    1|          0|
    |signed1_0_reg_9282                                           |   1|   0|    1|          0|
    |signed1_100_reg_9782                                         |   1|   0|    1|          0|
    |signed1_101_reg_9787                                         |   1|   0|    1|          0|
    |signed1_102_reg_9792                                         |   1|   0|    1|          0|
    |signed1_103_reg_9797                                         |   1|   0|    1|          0|
    |signed1_104_reg_9802                                         |   1|   0|    1|          0|
    |signed1_105_reg_9807                                         |   1|   0|    1|          0|
    |signed1_106_reg_9812                                         |   1|   0|    1|          0|
    |signed1_107_reg_9817                                         |   1|   0|    1|          0|
    |signed1_108_reg_9822                                         |   1|   0|    1|          0|
    |signed1_109_reg_9827                                         |   1|   0|    1|          0|
    |signed1_10_reg_9332                                          |   1|   0|    1|          0|
    |signed1_110_reg_9832                                         |   1|   0|    1|          0|
    |signed1_111_reg_9837                                         |   1|   0|    1|          0|
    |signed1_112_reg_9842                                         |   1|   0|    1|          0|
    |signed1_113_reg_9847                                         |   1|   0|    1|          0|
    |signed1_114_reg_9852                                         |   1|   0|    1|          0|
    |signed1_115_reg_9857                                         |   1|   0|    1|          0|
    |signed1_116_reg_9862                                         |   1|   0|    1|          0|
    |signed1_117_reg_9867                                         |   1|   0|    1|          0|
    |signed1_118_reg_9872                                         |   1|   0|    1|          0|
    |signed1_119_reg_9877                                         |   1|   0|    1|          0|
    |signed1_11_reg_9337                                          |   1|   0|    1|          0|
    |signed1_120_reg_9882                                         |   1|   0|    1|          0|
    |signed1_121_reg_9887                                         |   1|   0|    1|          0|
    |signed1_122_reg_9892                                         |   1|   0|    1|          0|
    |signed1_123_reg_9897                                         |   1|   0|    1|          0|
    |signed1_124_reg_9902                                         |   1|   0|    1|          0|
    |signed1_125_reg_9907                                         |   1|   0|    1|          0|
    |signed1_126_reg_9912                                         |   1|   0|    1|          0|
    |signed1_127_reg_9917                                         |   1|   0|    1|          0|
    |signed1_128_reg_9922                                         |   1|   0|    1|          0|
    |signed1_129_reg_9927                                         |   1|   0|    1|          0|
    |signed1_12_reg_9342                                          |   1|   0|    1|          0|
    |signed1_130_reg_9932                                         |   1|   0|    1|          0|
    |signed1_131_reg_9937                                         |   1|   0|    1|          0|
    |signed1_132_reg_9942                                         |   1|   0|    1|          0|
    |signed1_133_reg_9947                                         |   1|   0|    1|          0|
    |signed1_134_reg_9952                                         |   1|   0|    1|          0|
    |signed1_135_reg_9957                                         |   1|   0|    1|          0|
    |signed1_136_reg_9962                                         |   1|   0|    1|          0|
    |signed1_137_reg_9967                                         |   1|   0|    1|          0|
    |signed1_138_reg_9972                                         |   1|   0|    1|          0|
    |signed1_139_reg_9977                                         |   1|   0|    1|          0|
    |signed1_13_reg_9347                                          |   1|   0|    1|          0|
    |signed1_140_reg_9982                                         |   1|   0|    1|          0|
    |signed1_141_reg_9987                                         |   1|   0|    1|          0|
    |signed1_142_reg_9992                                         |   1|   0|    1|          0|
    |signed1_143_reg_9997                                         |   1|   0|    1|          0|
    |signed1_144_reg_10002                                        |   1|   0|    1|          0|
    |signed1_145_reg_10007                                        |   1|   0|    1|          0|
    |signed1_146_reg_10012                                        |   1|   0|    1|          0|
    |signed1_147_reg_10017                                        |   1|   0|    1|          0|
    |signed1_148_reg_10022                                        |   1|   0|    1|          0|
    |signed1_149_reg_10027                                        |   1|   0|    1|          0|
    |signed1_14_reg_9352                                          |   1|   0|    1|          0|
    |signed1_150_reg_10032                                        |   1|   0|    1|          0|
    |signed1_151_reg_10037                                        |   1|   0|    1|          0|
    |signed1_152_reg_10042                                        |   1|   0|    1|          0|
    |signed1_153_reg_10047                                        |   1|   0|    1|          0|
    |signed1_154_reg_10052                                        |   1|   0|    1|          0|
    |signed1_155_reg_10057                                        |   1|   0|    1|          0|
    |signed1_156_reg_10062                                        |   1|   0|    1|          0|
    |signed1_157_reg_10067                                        |   1|   0|    1|          0|
    |signed1_158_reg_10072                                        |   1|   0|    1|          0|
    |signed1_159_reg_10077                                        |   1|   0|    1|          0|
    |signed1_15_reg_9357                                          |   1|   0|    1|          0|
    |signed1_160_reg_10082                                        |   1|   0|    1|          0|
    |signed1_161_reg_10087                                        |   1|   0|    1|          0|
    |signed1_162_reg_10092                                        |   1|   0|    1|          0|
    |signed1_163_reg_10097                                        |   1|   0|    1|          0|
    |signed1_164_reg_10102                                        |   1|   0|    1|          0|
    |signed1_165_reg_10107                                        |   1|   0|    1|          0|
    |signed1_166_reg_10112                                        |   1|   0|    1|          0|
    |signed1_167_reg_10117                                        |   1|   0|    1|          0|
    |signed1_168_reg_10122                                        |   1|   0|    1|          0|
    |signed1_169_reg_10127                                        |   1|   0|    1|          0|
    |signed1_16_reg_9362                                          |   1|   0|    1|          0|
    |signed1_170_reg_10132                                        |   1|   0|    1|          0|
    |signed1_171_reg_10137                                        |   1|   0|    1|          0|
    |signed1_172_reg_10142                                        |   1|   0|    1|          0|
    |signed1_173_reg_10147                                        |   1|   0|    1|          0|
    |signed1_174_reg_10152                                        |   1|   0|    1|          0|
    |signed1_175_reg_10157                                        |   1|   0|    1|          0|
    |signed1_176_reg_10162                                        |   1|   0|    1|          0|
    |signed1_177_reg_10167                                        |   1|   0|    1|          0|
    |signed1_178_reg_10172                                        |   1|   0|    1|          0|
    |signed1_179_reg_10177                                        |   1|   0|    1|          0|
    |signed1_17_reg_9367                                          |   1|   0|    1|          0|
    |signed1_180_reg_10182                                        |   1|   0|    1|          0|
    |signed1_181_reg_10187                                        |   1|   0|    1|          0|
    |signed1_182_reg_10192                                        |   1|   0|    1|          0|
    |signed1_183_reg_10197                                        |   1|   0|    1|          0|
    |signed1_184_reg_10202                                        |   1|   0|    1|          0|
    |signed1_185_reg_10207                                        |   1|   0|    1|          0|
    |signed1_186_reg_10212                                        |   1|   0|    1|          0|
    |signed1_187_reg_10217                                        |   1|   0|    1|          0|
    |signed1_188_reg_10222                                        |   1|   0|    1|          0|
    |signed1_189_reg_10227                                        |   1|   0|    1|          0|
    |signed1_18_reg_9372                                          |   1|   0|    1|          0|
    |signed1_190_reg_10232                                        |   1|   0|    1|          0|
    |signed1_191_reg_10237                                        |   1|   0|    1|          0|
    |signed1_192_reg_10242                                        |   1|   0|    1|          0|
    |signed1_193_reg_10247                                        |   1|   0|    1|          0|
    |signed1_194_reg_10252                                        |   1|   0|    1|          0|
    |signed1_195_reg_10257                                        |   1|   0|    1|          0|
    |signed1_196_reg_10262                                        |   1|   0|    1|          0|
    |signed1_197_reg_10267                                        |   1|   0|    1|          0|
    |signed1_198_reg_10272                                        |   1|   0|    1|          0|
    |signed1_199_reg_10277                                        |   1|   0|    1|          0|
    |signed1_19_reg_9377                                          |   1|   0|    1|          0|
    |signed1_1_reg_9287                                           |   1|   0|    1|          0|
    |signed1_200_reg_10282                                        |   1|   0|    1|          0|
    |signed1_201_reg_10287                                        |   1|   0|    1|          0|
    |signed1_202_reg_10292                                        |   1|   0|    1|          0|
    |signed1_203_reg_10297                                        |   1|   0|    1|          0|
    |signed1_204_reg_10302                                        |   1|   0|    1|          0|
    |signed1_205_reg_10307                                        |   1|   0|    1|          0|
    |signed1_206_reg_10312                                        |   1|   0|    1|          0|
    |signed1_207_reg_10317                                        |   1|   0|    1|          0|
    |signed1_208_reg_10322                                        |   1|   0|    1|          0|
    |signed1_209_reg_10327                                        |   1|   0|    1|          0|
    |signed1_20_reg_9382                                          |   1|   0|    1|          0|
    |signed1_210_reg_10332                                        |   1|   0|    1|          0|
    |signed1_211_reg_10337                                        |   1|   0|    1|          0|
    |signed1_212_reg_10342                                        |   1|   0|    1|          0|
    |signed1_213_reg_10347                                        |   1|   0|    1|          0|
    |signed1_214_reg_10352                                        |   1|   0|    1|          0|
    |signed1_215_reg_10357                                        |   1|   0|    1|          0|
    |signed1_216_reg_10362                                        |   1|   0|    1|          0|
    |signed1_217_reg_10367                                        |   1|   0|    1|          0|
    |signed1_218_reg_10372                                        |   1|   0|    1|          0|
    |signed1_219_reg_10377                                        |   1|   0|    1|          0|
    |signed1_21_reg_9387                                          |   1|   0|    1|          0|
    |signed1_220_reg_10382                                        |   1|   0|    1|          0|
    |signed1_221_reg_10387                                        |   1|   0|    1|          0|
    |signed1_222_reg_10392                                        |   1|   0|    1|          0|
    |signed1_223_reg_10397                                        |   1|   0|    1|          0|
    |signed1_224_reg_10402                                        |   1|   0|    1|          0|
    |signed1_225_reg_10407                                        |   1|   0|    1|          0|
    |signed1_226_reg_10412                                        |   1|   0|    1|          0|
    |signed1_227_reg_10417                                        |   1|   0|    1|          0|
    |signed1_228_reg_10422                                        |   1|   0|    1|          0|
    |signed1_229_reg_10427                                        |   1|   0|    1|          0|
    |signed1_22_reg_9392                                          |   1|   0|    1|          0|
    |signed1_230_reg_10432                                        |   1|   0|    1|          0|
    |signed1_231_reg_10437                                        |   1|   0|    1|          0|
    |signed1_232_reg_10442                                        |   1|   0|    1|          0|
    |signed1_233_reg_10447                                        |   1|   0|    1|          0|
    |signed1_234_reg_10452                                        |   1|   0|    1|          0|
    |signed1_235_reg_10457                                        |   1|   0|    1|          0|
    |signed1_236_reg_10462                                        |   1|   0|    1|          0|
    |signed1_237_reg_10467                                        |   1|   0|    1|          0|
    |signed1_238_reg_10472                                        |   1|   0|    1|          0|
    |signed1_239_reg_10477                                        |   1|   0|    1|          0|
    |signed1_23_reg_9397                                          |   1|   0|    1|          0|
    |signed1_240_reg_10482                                        |   1|   0|    1|          0|
    |signed1_241_reg_10487                                        |   1|   0|    1|          0|
    |signed1_242_reg_10492                                        |   1|   0|    1|          0|
    |signed1_243_reg_10497                                        |   1|   0|    1|          0|
    |signed1_244_reg_10502                                        |   1|   0|    1|          0|
    |signed1_245_reg_10507                                        |   1|   0|    1|          0|
    |signed1_246_reg_10512                                        |   1|   0|    1|          0|
    |signed1_247_reg_10517                                        |   1|   0|    1|          0|
    |signed1_248_reg_10522                                        |   1|   0|    1|          0|
    |signed1_249_reg_10527                                        |   1|   0|    1|          0|
    |signed1_24_reg_9402                                          |   1|   0|    1|          0|
    |signed1_250_reg_10532                                        |   1|   0|    1|          0|
    |signed1_251_reg_10537                                        |   1|   0|    1|          0|
    |signed1_252_reg_10542                                        |   1|   0|    1|          0|
    |signed1_253_reg_10547                                        |   1|   0|    1|          0|
    |signed1_254_reg_10552                                        |   1|   0|    1|          0|
    |signed1_255_reg_10557                                        |   1|   0|    1|          0|
    |signed1_25_reg_9407                                          |   1|   0|    1|          0|
    |signed1_26_reg_9412                                          |   1|   0|    1|          0|
    |signed1_27_reg_9417                                          |   1|   0|    1|          0|
    |signed1_28_reg_9422                                          |   1|   0|    1|          0|
    |signed1_29_reg_9427                                          |   1|   0|    1|          0|
    |signed1_2_reg_9292                                           |   1|   0|    1|          0|
    |signed1_30_reg_9432                                          |   1|   0|    1|          0|
    |signed1_31_reg_9437                                          |   1|   0|    1|          0|
    |signed1_32_reg_9442                                          |   1|   0|    1|          0|
    |signed1_33_reg_9447                                          |   1|   0|    1|          0|
    |signed1_34_reg_9452                                          |   1|   0|    1|          0|
    |signed1_35_reg_9457                                          |   1|   0|    1|          0|
    |signed1_36_reg_9462                                          |   1|   0|    1|          0|
    |signed1_37_reg_9467                                          |   1|   0|    1|          0|
    |signed1_38_reg_9472                                          |   1|   0|    1|          0|
    |signed1_39_reg_9477                                          |   1|   0|    1|          0|
    |signed1_3_reg_9297                                           |   1|   0|    1|          0|
    |signed1_40_reg_9482                                          |   1|   0|    1|          0|
    |signed1_41_reg_9487                                          |   1|   0|    1|          0|
    |signed1_42_reg_9492                                          |   1|   0|    1|          0|
    |signed1_43_reg_9497                                          |   1|   0|    1|          0|
    |signed1_44_reg_9502                                          |   1|   0|    1|          0|
    |signed1_45_reg_9507                                          |   1|   0|    1|          0|
    |signed1_46_reg_9512                                          |   1|   0|    1|          0|
    |signed1_47_reg_9517                                          |   1|   0|    1|          0|
    |signed1_48_reg_9522                                          |   1|   0|    1|          0|
    |signed1_49_reg_9527                                          |   1|   0|    1|          0|
    |signed1_4_reg_9302                                           |   1|   0|    1|          0|
    |signed1_50_reg_9532                                          |   1|   0|    1|          0|
    |signed1_51_reg_9537                                          |   1|   0|    1|          0|
    |signed1_52_reg_9542                                          |   1|   0|    1|          0|
    |signed1_53_reg_9547                                          |   1|   0|    1|          0|
    |signed1_54_reg_9552                                          |   1|   0|    1|          0|
    |signed1_55_reg_9557                                          |   1|   0|    1|          0|
    |signed1_56_reg_9562                                          |   1|   0|    1|          0|
    |signed1_57_reg_9567                                          |   1|   0|    1|          0|
    |signed1_58_reg_9572                                          |   1|   0|    1|          0|
    |signed1_59_reg_9577                                          |   1|   0|    1|          0|
    |signed1_5_reg_9307                                           |   1|   0|    1|          0|
    |signed1_60_reg_9582                                          |   1|   0|    1|          0|
    |signed1_61_reg_9587                                          |   1|   0|    1|          0|
    |signed1_62_reg_9592                                          |   1|   0|    1|          0|
    |signed1_63_reg_9597                                          |   1|   0|    1|          0|
    |signed1_64_reg_9602                                          |   1|   0|    1|          0|
    |signed1_65_reg_9607                                          |   1|   0|    1|          0|
    |signed1_66_reg_9612                                          |   1|   0|    1|          0|
    |signed1_67_reg_9617                                          |   1|   0|    1|          0|
    |signed1_68_reg_9622                                          |   1|   0|    1|          0|
    |signed1_69_reg_9627                                          |   1|   0|    1|          0|
    |signed1_6_reg_9312                                           |   1|   0|    1|          0|
    |signed1_70_reg_9632                                          |   1|   0|    1|          0|
    |signed1_71_reg_9637                                          |   1|   0|    1|          0|
    |signed1_72_reg_9642                                          |   1|   0|    1|          0|
    |signed1_73_reg_9647                                          |   1|   0|    1|          0|
    |signed1_74_reg_9652                                          |   1|   0|    1|          0|
    |signed1_75_reg_9657                                          |   1|   0|    1|          0|
    |signed1_76_reg_9662                                          |   1|   0|    1|          0|
    |signed1_77_reg_9667                                          |   1|   0|    1|          0|
    |signed1_78_reg_9672                                          |   1|   0|    1|          0|
    |signed1_79_reg_9677                                          |   1|   0|    1|          0|
    |signed1_7_reg_9317                                           |   1|   0|    1|          0|
    |signed1_80_reg_9682                                          |   1|   0|    1|          0|
    |signed1_81_reg_9687                                          |   1|   0|    1|          0|
    |signed1_82_reg_9692                                          |   1|   0|    1|          0|
    |signed1_83_reg_9697                                          |   1|   0|    1|          0|
    |signed1_84_reg_9702                                          |   1|   0|    1|          0|
    |signed1_85_reg_9707                                          |   1|   0|    1|          0|
    |signed1_86_reg_9712                                          |   1|   0|    1|          0|
    |signed1_87_reg_9717                                          |   1|   0|    1|          0|
    |signed1_88_reg_9722                                          |   1|   0|    1|          0|
    |signed1_89_reg_9727                                          |   1|   0|    1|          0|
    |signed1_8_reg_9322                                           |   1|   0|    1|          0|
    |signed1_90_reg_9732                                          |   1|   0|    1|          0|
    |signed1_91_reg_9737                                          |   1|   0|    1|          0|
    |signed1_92_reg_9742                                          |   1|   0|    1|          0|
    |signed1_93_reg_9747                                          |   1|   0|    1|          0|
    |signed1_94_reg_9752                                          |   1|   0|    1|          0|
    |signed1_95_reg_9757                                          |   1|   0|    1|          0|
    |signed1_96_reg_9762                                          |   1|   0|    1|          0|
    |signed1_97_reg_9767                                          |   1|   0|    1|          0|
    |signed1_98_reg_9772                                          |   1|   0|    1|          0|
    |signed1_99_reg_9777                                          |   1|   0|    1|          0|
    |signed1_9_reg_9327                                           |   1|   0|    1|          0|
    |x_0_0_i2152_reg_192                                          |   5|   0|    5|          0|
    |x_0_0_i_reg_170                                              |   5|   0|    5|          0|
    |y_0_0_i2153_reg_203                                          |   5|   0|    5|          0|
    |y_0_0_i_reg_181                                              |   5|   0|    5|          0|
    |zext_ln26_reg_6699                                           |   5|   0|   10|          5|
    |zext_ln27_reg_6694                                           |   5|   0|   10|          5|
    +-------------------------------------------------------------+----+----+-----+-----------+
    |Total                                                        | 893|   0|  904|         11|
    +-------------------------------------------------------------+----+----+-----+-----------+



================================================================
== Interface
================================================================
* Summary: 
+------------------+-----+-----+------------+--------------+--------------+
|     RTL Ports    | Dir | Bits|  Protocol  | Source Object|    C Type    |
+------------------+-----+-----+------------+--------------+--------------+
|ap_clk            |  in |    1| ap_ctrl_hs |   bnn_xcel   | return value |
|ap_rst            |  in |    1| ap_ctrl_hs |   bnn_xcel   | return value |
|ap_start          |  in |    1| ap_ctrl_hs |   bnn_xcel   | return value |
|ap_done           | out |    1| ap_ctrl_hs |   bnn_xcel   | return value |
|ap_idle           | out |    1| ap_ctrl_hs |   bnn_xcel   | return value |
|ap_ready          | out |    1| ap_ctrl_hs |   bnn_xcel   | return value |
|ap_return         | out |    4| ap_ctrl_hs |   bnn_xcel   | return value |
|input_0_address0  | out |    8|  ap_memory |    input_0   |     array    |
|input_0_ce0       | out |    1|  ap_memory |    input_0   |     array    |
|input_0_q0        |  in |    1|  ap_memory |    input_0   |     array    |
+------------------+-----+-----+------------+--------------+--------------+

