

================================================================
== Vivado HLS Report for 'sign_256_s'
================================================================
* Date:           Sun Oct 29 21:12:28 2023

* Version:        2019.2.1 (Build 2724168 on Thu Dec 05 05:19:09 MST 2019)
* Project:        bnn_reshape.prj
* Solution:       solution1
* Product family: zynq
* Target device:  xc7z020-clg484-1


================================================================
== Performance Estimates
================================================================
+ Timing: 
    * Summary: 
    +--------+----------+----------+------------+
    |  Clock |  Target  | Estimated| Uncertainty|
    +--------+----------+----------+------------+
    |ap_clk  | 10.00 ns | 2.429 ns |   1.25 ns  |
    +--------+----------+----------+------------+

+ Latency: 
    * Summary: 
    +---------+---------+----------+----------+-----+-----+---------+
    |  Latency (cycles) |  Latency (absolute) |  Interval | Pipeline|
    |   min   |   max   |    min   |    max   | min | max |   Type  |
    +---------+---------+----------+----------+-----+-----+---------+
    |        0|        0|   0 ns   |   0 ns   |    0|    0|   none  |
    +---------+---------+----------+----------+-----+-----+---------+

    + Detail: 
        * Instance: 
        N/A

        * Loop: 
        N/A



================================================================
== Utilization Estimates
================================================================
* Summary: 
+-----------------+---------+-------+--------+-------+-----+
|       Name      | BRAM_18K| DSP48E|   FF   |  LUT  | URAM|
+-----------------+---------+-------+--------+-------+-----+
|DSP              |        -|      -|       -|      -|    -|
|Expression       |        -|      -|       0|   3328|    -|
|FIFO             |        -|      -|       -|      -|    -|
|Instance         |        -|      -|       -|      -|    -|
|Memory           |        -|      -|       -|      -|    -|
|Multiplexer      |        -|      -|       -|      -|    -|
|Register         |        -|      -|       -|      -|    -|
+-----------------+---------+-------+--------+-------+-----+
|Total            |        0|      0|       0|   3328|    0|
+-----------------+---------+-------+--------+-------+-----+
|Available        |      280|    220|  106400|  53200|    0|
+-----------------+---------+-------+--------+-------+-----+
|Utilization (%)  |        0|      0|       0|      6|    0|
+-----------------+---------+-------+--------+-------+-----+

+ Detail: 
    * Instance: 
    N/A

    * DSP48E: 
    N/A

    * Memory: 
    N/A

    * FIFO: 
    N/A

    * Expression: 
    +---------------------------+----------+-------+---+----+------------+------------+
    |       Variable Name       | Operation| DSP48E| FF| LUT| Bitwidth P0| Bitwidth P1|
    +---------------------------+----------+-------+---+----+------------+------------+
    |icmp_ln895_100_fu_2654_p2  |   icmp   |      0|  0|  13|          16|           1|
    |icmp_ln895_101_fu_2660_p2  |   icmp   |      0|  0|  13|          16|           1|
    |icmp_ln895_102_fu_2666_p2  |   icmp   |      0|  0|  13|          16|           1|
    |icmp_ln895_103_fu_2672_p2  |   icmp   |      0|  0|  13|          16|           1|
    |icmp_ln895_104_fu_2678_p2  |   icmp   |      0|  0|  13|          16|           1|
    |icmp_ln895_105_fu_2684_p2  |   icmp   |      0|  0|  13|          16|           1|
    |icmp_ln895_106_fu_2690_p2  |   icmp   |      0|  0|  13|          16|           1|
    |icmp_ln895_107_fu_2696_p2  |   icmp   |      0|  0|  13|          16|           1|
    |icmp_ln895_108_fu_2702_p2  |   icmp   |      0|  0|  13|          16|           1|
    |icmp_ln895_109_fu_2708_p2  |   icmp   |      0|  0|  13|          16|           1|
    |icmp_ln895_10_fu_2114_p2   |   icmp   |      0|  0|  13|          16|           1|
    |icmp_ln895_110_fu_2714_p2  |   icmp   |      0|  0|  13|          16|           1|
    |icmp_ln895_111_fu_2720_p2  |   icmp   |      0|  0|  13|          16|           1|
    |icmp_ln895_112_fu_2726_p2  |   icmp   |      0|  0|  13|          16|           1|
    |icmp_ln895_113_fu_2732_p2  |   icmp   |      0|  0|  13|          16|           1|
    |icmp_ln895_114_fu_2738_p2  |   icmp   |      0|  0|  13|          16|           1|
    |icmp_ln895_115_fu_2744_p2  |   icmp   |      0|  0|  13|          16|           1|
    |icmp_ln895_116_fu_2750_p2  |   icmp   |      0|  0|  13|          16|           1|
    |icmp_ln895_117_fu_2756_p2  |   icmp   |      0|  0|  13|          16|           1|
    |icmp_ln895_118_fu_2762_p2  |   icmp   |      0|  0|  13|          16|           1|
    |icmp_ln895_119_fu_2768_p2  |   icmp   |      0|  0|  13|          16|           1|
    |icmp_ln895_11_fu_2120_p2   |   icmp   |      0|  0|  13|          16|           1|
    |icmp_ln895_120_fu_2774_p2  |   icmp   |      0|  0|  13|          16|           1|
    |icmp_ln895_121_fu_2780_p2  |   icmp   |      0|  0|  13|          16|           1|
    |icmp_ln895_122_fu_2786_p2  |   icmp   |      0|  0|  13|          16|           1|
    |icmp_ln895_123_fu_2792_p2  |   icmp   |      0|  0|  13|          16|           1|
    |icmp_ln895_124_fu_2798_p2  |   icmp   |      0|  0|  13|          16|           1|
    |icmp_ln895_125_fu_2804_p2  |   icmp   |      0|  0|  13|          16|           1|
    |icmp_ln895_126_fu_2810_p2  |   icmp   |      0|  0|  13|          16|           1|
    |icmp_ln895_127_fu_2816_p2  |   icmp   |      0|  0|  13|          16|           1|
    |icmp_ln895_128_fu_2822_p2  |   icmp   |      0|  0|  13|          16|           1|
    |icmp_ln895_129_fu_2828_p2  |   icmp   |      0|  0|  13|          16|           1|
    |icmp_ln895_12_fu_2126_p2   |   icmp   |      0|  0|  13|          16|           1|
    |icmp_ln895_130_fu_2834_p2  |   icmp   |      0|  0|  13|          16|           1|
    |icmp_ln895_131_fu_2840_p2  |   icmp   |      0|  0|  13|          16|           1|
    |icmp_ln895_132_fu_2846_p2  |   icmp   |      0|  0|  13|          16|           1|
    |icmp_ln895_133_fu_2852_p2  |   icmp   |      0|  0|  13|          16|           1|
    |icmp_ln895_134_fu_2858_p2  |   icmp   |      0|  0|  13|          16|           1|
    |icmp_ln895_135_fu_2864_p2  |   icmp   |      0|  0|  13|          16|           1|
    |icmp_ln895_136_fu_2870_p2  |   icmp   |      0|  0|  13|          16|           1|
    |icmp_ln895_137_fu_2876_p2  |   icmp   |      0|  0|  13|          16|           1|
    |icmp_ln895_138_fu_2882_p2  |   icmp   |      0|  0|  13|          16|           1|
    |icmp_ln895_139_fu_2888_p2  |   icmp   |      0|  0|  13|          16|           1|
    |icmp_ln895_13_fu_2132_p2   |   icmp   |      0|  0|  13|          16|           1|
    |icmp_ln895_140_fu_2894_p2  |   icmp   |      0|  0|  13|          16|           1|
    |icmp_ln895_141_fu_2900_p2  |   icmp   |      0|  0|  13|          16|           1|
    |icmp_ln895_142_fu_2906_p2  |   icmp   |      0|  0|  13|          16|           1|
    |icmp_ln895_143_fu_2912_p2  |   icmp   |      0|  0|  13|          16|           1|
    |icmp_ln895_144_fu_2918_p2  |   icmp   |      0|  0|  13|          16|           1|
    |icmp_ln895_145_fu_2924_p2  |   icmp   |      0|  0|  13|          16|           1|
    |icmp_ln895_146_fu_2930_p2  |   icmp   |      0|  0|  13|          16|           1|
    |icmp_ln895_147_fu_2936_p2  |   icmp   |      0|  0|  13|          16|           1|
    |icmp_ln895_148_fu_2942_p2  |   icmp   |      0|  0|  13|          16|           1|
    |icmp_ln895_149_fu_2948_p2  |   icmp   |      0|  0|  13|          16|           1|
    |icmp_ln895_14_fu_2138_p2   |   icmp   |      0|  0|  13|          16|           1|
    |icmp_ln895_150_fu_2954_p2  |   icmp   |      0|  0|  13|          16|           1|
    |icmp_ln895_151_fu_2960_p2  |   icmp   |      0|  0|  13|          16|           1|
    |icmp_ln895_152_fu_2966_p2  |   icmp   |      0|  0|  13|          16|           1|
    |icmp_ln895_153_fu_2972_p2  |   icmp   |      0|  0|  13|          16|           1|
    |icmp_ln895_154_fu_2978_p2  |   icmp   |      0|  0|  13|          16|           1|
    |icmp_ln895_155_fu_2984_p2  |   icmp   |      0|  0|  13|          16|           1|
    |icmp_ln895_156_fu_2990_p2  |   icmp   |      0|  0|  13|          16|           1|
    |icmp_ln895_157_fu_2996_p2  |   icmp   |      0|  0|  13|          16|           1|
    |icmp_ln895_158_fu_3002_p2  |   icmp   |      0|  0|  13|          16|           1|
    |icmp_ln895_159_fu_3008_p2  |   icmp   |      0|  0|  13|          16|           1|
    |icmp_ln895_15_fu_2144_p2   |   icmp   |      0|  0|  13|          16|           1|
    |icmp_ln895_160_fu_3014_p2  |   icmp   |      0|  0|  13|          16|           1|
    |icmp_ln895_161_fu_3020_p2  |   icmp   |      0|  0|  13|          16|           1|
    |icmp_ln895_162_fu_3026_p2  |   icmp   |      0|  0|  13|          16|           1|
    |icmp_ln895_163_fu_3032_p2  |   icmp   |      0|  0|  13|          16|           1|
    |icmp_ln895_164_fu_3038_p2  |   icmp   |      0|  0|  13|          16|           1|
    |icmp_ln895_165_fu_3044_p2  |   icmp   |      0|  0|  13|          16|           1|
    |icmp_ln895_166_fu_3050_p2  |   icmp   |      0|  0|  13|          16|           1|
    |icmp_ln895_167_fu_3056_p2  |   icmp   |      0|  0|  13|          16|           1|
    |icmp_ln895_168_fu_3062_p2  |   icmp   |      0|  0|  13|          16|           1|
    |icmp_ln895_169_fu_3068_p2  |   icmp   |      0|  0|  13|          16|           1|
    |icmp_ln895_16_fu_2150_p2   |   icmp   |      0|  0|  13|          16|           1|
    |icmp_ln895_170_fu_3074_p2  |   icmp   |      0|  0|  13|          16|           1|
    |icmp_ln895_171_fu_3080_p2  |   icmp   |      0|  0|  13|          16|           1|
    |icmp_ln895_172_fu_3086_p2  |   icmp   |      0|  0|  13|          16|           1|
    |icmp_ln895_173_fu_3092_p2  |   icmp   |      0|  0|  13|          16|           1|
    |icmp_ln895_174_fu_3098_p2  |   icmp   |      0|  0|  13|          16|           1|
    |icmp_ln895_175_fu_3104_p2  |   icmp   |      0|  0|  13|          16|           1|
    |icmp_ln895_176_fu_3110_p2  |   icmp   |      0|  0|  13|          16|           1|
    |icmp_ln895_177_fu_3116_p2  |   icmp   |      0|  0|  13|          16|           1|
    |icmp_ln895_178_fu_3122_p2  |   icmp   |      0|  0|  13|          16|           1|
    |icmp_ln895_179_fu_3128_p2  |   icmp   |      0|  0|  13|          16|           1|
    |icmp_ln895_17_fu_2156_p2   |   icmp   |      0|  0|  13|          16|           1|
    |icmp_ln895_180_fu_3134_p2  |   icmp   |      0|  0|  13|          16|           1|
    |icmp_ln895_181_fu_3140_p2  |   icmp   |      0|  0|  13|          16|           1|
    |icmp_ln895_182_fu_3146_p2  |   icmp   |      0|  0|  13|          16|           1|
    |icmp_ln895_183_fu_3152_p2  |   icmp   |      0|  0|  13|          16|           1|
    |icmp_ln895_184_fu_3158_p2  |   icmp   |      0|  0|  13|          16|           1|
    |icmp_ln895_185_fu_3164_p2  |   icmp   |      0|  0|  13|          16|           1|
    |icmp_ln895_186_fu_3170_p2  |   icmp   |      0|  0|  13|          16|           1|
    |icmp_ln895_187_fu_3176_p2  |   icmp   |      0|  0|  13|          16|           1|
    |icmp_ln895_188_fu_3182_p2  |   icmp   |      0|  0|  13|          16|           1|
    |icmp_ln895_189_fu_3188_p2  |   icmp   |      0|  0|  13|          16|           1|
    |icmp_ln895_18_fu_2162_p2   |   icmp   |      0|  0|  13|          16|           1|
    |icmp_ln895_190_fu_3194_p2  |   icmp   |      0|  0|  13|          16|           1|
    |icmp_ln895_191_fu_3200_p2  |   icmp   |      0|  0|  13|          16|           1|
    |icmp_ln895_192_fu_3206_p2  |   icmp   |      0|  0|  13|          16|           1|
    |icmp_ln895_193_fu_3212_p2  |   icmp   |      0|  0|  13|          16|           1|
    |icmp_ln895_194_fu_3218_p2  |   icmp   |      0|  0|  13|          16|           1|
    |icmp_ln895_195_fu_3224_p2  |   icmp   |      0|  0|  13|          16|           1|
    |icmp_ln895_196_fu_3230_p2  |   icmp   |      0|  0|  13|          16|           1|
    |icmp_ln895_197_fu_3236_p2  |   icmp   |      0|  0|  13|          16|           1|
    |icmp_ln895_198_fu_3242_p2  |   icmp   |      0|  0|  13|          16|           1|
    |icmp_ln895_199_fu_3248_p2  |   icmp   |      0|  0|  13|          16|           1|
    |icmp_ln895_19_fu_2168_p2   |   icmp   |      0|  0|  13|          16|           1|
    |icmp_ln895_1_fu_2060_p2    |   icmp   |      0|  0|  13|          16|           1|
    |icmp_ln895_200_fu_3254_p2  |   icmp   |      0|  0|  13|          16|           1|
    |icmp_ln895_201_fu_3260_p2  |   icmp   |      0|  0|  13|          16|           1|
    |icmp_ln895_202_fu_3266_p2  |   icmp   |      0|  0|  13|          16|           1|
    |icmp_ln895_203_fu_3272_p2  |   icmp   |      0|  0|  13|          16|           1|
    |icmp_ln895_204_fu_3278_p2  |   icmp   |      0|  0|  13|          16|           1|
    |icmp_ln895_205_fu_3284_p2  |   icmp   |      0|  0|  13|          16|           1|
    |icmp_ln895_206_fu_3290_p2  |   icmp   |      0|  0|  13|          16|           1|
    |icmp_ln895_207_fu_3296_p2  |   icmp   |      0|  0|  13|          16|           1|
    |icmp_ln895_208_fu_3302_p2  |   icmp   |      0|  0|  13|          16|           1|
    |icmp_ln895_209_fu_3308_p2  |   icmp   |      0|  0|  13|          16|           1|
    |icmp_ln895_20_fu_2174_p2   |   icmp   |      0|  0|  13|          16|           1|
    |icmp_ln895_210_fu_3314_p2  |   icmp   |      0|  0|  13|          16|           1|
    |icmp_ln895_211_fu_3320_p2  |   icmp   |      0|  0|  13|          16|           1|
    |icmp_ln895_212_fu_3326_p2  |   icmp   |      0|  0|  13|          16|           1|
    |icmp_ln895_213_fu_3332_p2  |   icmp   |      0|  0|  13|          16|           1|
    |icmp_ln895_214_fu_3338_p2  |   icmp   |      0|  0|  13|          16|           1|
    |icmp_ln895_215_fu_3344_p2  |   icmp   |      0|  0|  13|          16|           1|
    |icmp_ln895_216_fu_3350_p2  |   icmp   |      0|  0|  13|          16|           1|
    |icmp_ln895_217_fu_3356_p2  |   icmp   |      0|  0|  13|          16|           1|
    |icmp_ln895_218_fu_3362_p2  |   icmp   |      0|  0|  13|          16|           1|
    |icmp_ln895_219_fu_3368_p2  |   icmp   |      0|  0|  13|          16|           1|
    |icmp_ln895_21_fu_2180_p2   |   icmp   |      0|  0|  13|          16|           1|
    |icmp_ln895_220_fu_3374_p2  |   icmp   |      0|  0|  13|          16|           1|
    |icmp_ln895_221_fu_3380_p2  |   icmp   |      0|  0|  13|          16|           1|
    |icmp_ln895_222_fu_3386_p2  |   icmp   |      0|  0|  13|          16|           1|
    |icmp_ln895_223_fu_3392_p2  |   icmp   |      0|  0|  13|          16|           1|
    |icmp_ln895_224_fu_3398_p2  |   icmp   |      0|  0|  13|          16|           1|
    |icmp_ln895_225_fu_3404_p2  |   icmp   |      0|  0|  13|          16|           1|
    |icmp_ln895_226_fu_3410_p2  |   icmp   |      0|  0|  13|          16|           1|
    |icmp_ln895_227_fu_3416_p2  |   icmp   |      0|  0|  13|          16|           1|
    |icmp_ln895_228_fu_3422_p2  |   icmp   |      0|  0|  13|          16|           1|
    |icmp_ln895_229_fu_3428_p2  |   icmp   |      0|  0|  13|          16|           1|
    |icmp_ln895_22_fu_2186_p2   |   icmp   |      0|  0|  13|          16|           1|
    |icmp_ln895_230_fu_3434_p2  |   icmp   |      0|  0|  13|          16|           1|
    |icmp_ln895_231_fu_3440_p2  |   icmp   |      0|  0|  13|          16|           1|
    |icmp_ln895_232_fu_3446_p2  |   icmp   |      0|  0|  13|          16|           1|
    |icmp_ln895_233_fu_3452_p2  |   icmp   |      0|  0|  13|          16|           1|
    |icmp_ln895_234_fu_3458_p2  |   icmp   |      0|  0|  13|          16|           1|
    |icmp_ln895_235_fu_3464_p2  |   icmp   |      0|  0|  13|          16|           1|
    |icmp_ln895_236_fu_3470_p2  |   icmp   |      0|  0|  13|          16|           1|
    |icmp_ln895_237_fu_3476_p2  |   icmp   |      0|  0|  13|          16|           1|
    |icmp_ln895_238_fu_3482_p2  |   icmp   |      0|  0|  13|          16|           1|
    |icmp_ln895_239_fu_3488_p2  |   icmp   |      0|  0|  13|          16|           1|
    |icmp_ln895_23_fu_2192_p2   |   icmp   |      0|  0|  13|          16|           1|
    |icmp_ln895_240_fu_3494_p2  |   icmp   |      0|  0|  13|          16|           1|
    |icmp_ln895_241_fu_3500_p2  |   icmp   |      0|  0|  13|          16|           1|
    |icmp_ln895_242_fu_3506_p2  |   icmp   |      0|  0|  13|          16|           1|
    |icmp_ln895_243_fu_3512_p2  |   icmp   |      0|  0|  13|          16|           1|
    |icmp_ln895_244_fu_3518_p2  |   icmp   |      0|  0|  13|          16|           1|
    |icmp_ln895_245_fu_3524_p2  |   icmp   |      0|  0|  13|          16|           1|
    |icmp_ln895_246_fu_3530_p2  |   icmp   |      0|  0|  13|          16|           1|
    |icmp_ln895_247_fu_3536_p2  |   icmp   |      0|  0|  13|          16|           1|
    |icmp_ln895_248_fu_3542_p2  |   icmp   |      0|  0|  13|          16|           1|
    |icmp_ln895_249_fu_3548_p2  |   icmp   |      0|  0|  13|          16|           1|
    |icmp_ln895_24_fu_2198_p2   |   icmp   |      0|  0|  13|          16|           1|
    |icmp_ln895_250_fu_3554_p2  |   icmp   |      0|  0|  13|          16|           1|
    |icmp_ln895_251_fu_3560_p2  |   icmp   |      0|  0|  13|          16|           1|
    |icmp_ln895_252_fu_3566_p2  |   icmp   |      0|  0|  13|          16|           1|
    |icmp_ln895_253_fu_3572_p2  |   icmp   |      0|  0|  13|          16|           1|
    |icmp_ln895_254_fu_3578_p2  |   icmp   |      0|  0|  13|          16|           1|
    |icmp_ln895_255_fu_3584_p2  |   icmp   |      0|  0|  13|          16|           1|
    |icmp_ln895_25_fu_2204_p2   |   icmp   |      0|  0|  13|          16|           1|
    |icmp_ln895_26_fu_2210_p2   |   icmp   |      0|  0|  13|          16|           1|
    |icmp_ln895_27_fu_2216_p2   |   icmp   |      0|  0|  13|          16|           1|
    |icmp_ln895_28_fu_2222_p2   |   icmp   |      0|  0|  13|          16|           1|
    |icmp_ln895_29_fu_2228_p2   |   icmp   |      0|  0|  13|          16|           1|
    |icmp_ln895_2_fu_2066_p2    |   icmp   |      0|  0|  13|          16|           1|
    |icmp_ln895_30_fu_2234_p2   |   icmp   |      0|  0|  13|          16|           1|
    |icmp_ln895_31_fu_2240_p2   |   icmp   |      0|  0|  13|          16|           1|
    |icmp_ln895_32_fu_2246_p2   |   icmp   |      0|  0|  13|          16|           1|
    |icmp_ln895_33_fu_2252_p2   |   icmp   |      0|  0|  13|          16|           1|
    |icmp_ln895_34_fu_2258_p2   |   icmp   |      0|  0|  13|          16|           1|
    |icmp_ln895_35_fu_2264_p2   |   icmp   |      0|  0|  13|          16|           1|
    |icmp_ln895_36_fu_2270_p2   |   icmp   |      0|  0|  13|          16|           1|
    |icmp_ln895_37_fu_2276_p2   |   icmp   |      0|  0|  13|          16|           1|
    |icmp_ln895_38_fu_2282_p2   |   icmp   |      0|  0|  13|          16|           1|
    |icmp_ln895_39_fu_2288_p2   |   icmp   |      0|  0|  13|          16|           1|
    |icmp_ln895_3_fu_2072_p2    |   icmp   |      0|  0|  13|          16|           1|
    |icmp_ln895_40_fu_2294_p2   |   icmp   |      0|  0|  13|          16|           1|
    |icmp_ln895_41_fu_2300_p2   |   icmp   |      0|  0|  13|          16|           1|
    |icmp_ln895_42_fu_2306_p2   |   icmp   |      0|  0|  13|          16|           1|
    |icmp_ln895_43_fu_2312_p2   |   icmp   |      0|  0|  13|          16|           1|
    |icmp_ln895_44_fu_2318_p2   |   icmp   |      0|  0|  13|          16|           1|
    |icmp_ln895_45_fu_2324_p2   |   icmp   |      0|  0|  13|          16|           1|
    |icmp_ln895_46_fu_2330_p2   |   icmp   |      0|  0|  13|          16|           1|
    |icmp_ln895_47_fu_2336_p2   |   icmp   |      0|  0|  13|          16|           1|
    |icmp_ln895_48_fu_2342_p2   |   icmp   |      0|  0|  13|          16|           1|
    |icmp_ln895_49_fu_2348_p2   |   icmp   |      0|  0|  13|          16|           1|
    |icmp_ln895_4_fu_2078_p2    |   icmp   |      0|  0|  13|          16|           1|
    |icmp_ln895_50_fu_2354_p2   |   icmp   |      0|  0|  13|          16|           1|
    |icmp_ln895_51_fu_2360_p2   |   icmp   |      0|  0|  13|          16|           1|
    |icmp_ln895_52_fu_2366_p2   |   icmp   |      0|  0|  13|          16|           1|
    |icmp_ln895_53_fu_2372_p2   |   icmp   |      0|  0|  13|          16|           1|
    |icmp_ln895_54_fu_2378_p2   |   icmp   |      0|  0|  13|          16|           1|
    |icmp_ln895_55_fu_2384_p2   |   icmp   |      0|  0|  13|          16|           1|
    |icmp_ln895_56_fu_2390_p2   |   icmp   |      0|  0|  13|          16|           1|
    |icmp_ln895_57_fu_2396_p2   |   icmp   |      0|  0|  13|          16|           1|
    |icmp_ln895_58_fu_2402_p2   |   icmp   |      0|  0|  13|          16|           1|
    |icmp_ln895_59_fu_2408_p2   |   icmp   |      0|  0|  13|          16|           1|
    |icmp_ln895_5_fu_2084_p2    |   icmp   |      0|  0|  13|          16|           1|
    |icmp_ln895_60_fu_2414_p2   |   icmp   |      0|  0|  13|          16|           1|
    |icmp_ln895_61_fu_2420_p2   |   icmp   |      0|  0|  13|          16|           1|
    |icmp_ln895_62_fu_2426_p2   |   icmp   |      0|  0|  13|          16|           1|
    |icmp_ln895_63_fu_2432_p2   |   icmp   |      0|  0|  13|          16|           1|
    |icmp_ln895_64_fu_2438_p2   |   icmp   |      0|  0|  13|          16|           1|
    |icmp_ln895_65_fu_2444_p2   |   icmp   |      0|  0|  13|          16|           1|
    |icmp_ln895_66_fu_2450_p2   |   icmp   |      0|  0|  13|          16|           1|
    |icmp_ln895_67_fu_2456_p2   |   icmp   |      0|  0|  13|          16|           1|
    |icmp_ln895_68_fu_2462_p2   |   icmp   |      0|  0|  13|          16|           1|
    |icmp_ln895_69_fu_2468_p2   |   icmp   |      0|  0|  13|          16|           1|
    |icmp_ln895_6_fu_2090_p2    |   icmp   |      0|  0|  13|          16|           1|
    |icmp_ln895_70_fu_2474_p2   |   icmp   |      0|  0|  13|          16|           1|
    |icmp_ln895_71_fu_2480_p2   |   icmp   |      0|  0|  13|          16|           1|
    |icmp_ln895_72_fu_2486_p2   |   icmp   |      0|  0|  13|          16|           1|
    |icmp_ln895_73_fu_2492_p2   |   icmp   |      0|  0|  13|          16|           1|
    |icmp_ln895_74_fu_2498_p2   |   icmp   |      0|  0|  13|          16|           1|
    |icmp_ln895_75_fu_2504_p2   |   icmp   |      0|  0|  13|          16|           1|
    |icmp_ln895_76_fu_2510_p2   |   icmp   |      0|  0|  13|          16|           1|
    |icmp_ln895_77_fu_2516_p2   |   icmp   |      0|  0|  13|          16|           1|
    |icmp_ln895_78_fu_2522_p2   |   icmp   |      0|  0|  13|          16|           1|
    |icmp_ln895_79_fu_2528_p2   |   icmp   |      0|  0|  13|          16|           1|
    |icmp_ln895_7_fu_2096_p2    |   icmp   |      0|  0|  13|          16|           1|
    |icmp_ln895_80_fu_2534_p2   |   icmp   |      0|  0|  13|          16|           1|
    |icmp_ln895_81_fu_2540_p2   |   icmp   |      0|  0|  13|          16|           1|
    |icmp_ln895_82_fu_2546_p2   |   icmp   |      0|  0|  13|          16|           1|
    |icmp_ln895_83_fu_2552_p2   |   icmp   |      0|  0|  13|          16|           1|
    |icmp_ln895_84_fu_2558_p2   |   icmp   |      0|  0|  13|          16|           1|
    |icmp_ln895_85_fu_2564_p2   |   icmp   |      0|  0|  13|          16|           1|
    |icmp_ln895_86_fu_2570_p2   |   icmp   |      0|  0|  13|          16|           1|
    |icmp_ln895_87_fu_2576_p2   |   icmp   |      0|  0|  13|          16|           1|
    |icmp_ln895_88_fu_2582_p2   |   icmp   |      0|  0|  13|          16|           1|
    |icmp_ln895_89_fu_2588_p2   |   icmp   |      0|  0|  13|          16|           1|
    |icmp_ln895_8_fu_2102_p2    |   icmp   |      0|  0|  13|          16|           1|
    |icmp_ln895_90_fu_2594_p2   |   icmp   |      0|  0|  13|          16|           1|
    |icmp_ln895_91_fu_2600_p2   |   icmp   |      0|  0|  13|          16|           1|
    |icmp_ln895_92_fu_2606_p2   |   icmp   |      0|  0|  13|          16|           1|
    |icmp_ln895_93_fu_2612_p2   |   icmp   |      0|  0|  13|          16|           1|
    |icmp_ln895_94_fu_2618_p2   |   icmp   |      0|  0|  13|          16|           1|
    |icmp_ln895_95_fu_2624_p2   |   icmp   |      0|  0|  13|          16|           1|
    |icmp_ln895_96_fu_2630_p2   |   icmp   |      0|  0|  13|          16|           1|
    |icmp_ln895_97_fu_2636_p2   |   icmp   |      0|  0|  13|          16|           1|
    |icmp_ln895_98_fu_2642_p2   |   icmp   |      0|  0|  13|          16|           1|
    |icmp_ln895_99_fu_2648_p2   |   icmp   |      0|  0|  13|          16|           1|
    |icmp_ln895_9_fu_2108_p2    |   icmp   |      0|  0|  13|          16|           1|
    |icmp_ln895_fu_2054_p2      |   icmp   |      0|  0|  13|          16|           1|
    +---------------------------+----------+-------+---+----+------------+------------+
    |Total                      |          |      0|  0|3328|        4096|         256|
    +---------------------------+----------+-------+---+----+------------+------------+

    * Multiplexer: 
    N/A

    * Register: 
    N/A



================================================================
== Interface
================================================================
* Summary: 
+------------------+-----+-----+------------+------------------+--------------+
|     RTL Ports    | Dir | Bits|  Protocol  |   Source Object  |    C Type    |
+------------------+-----+-----+------------+------------------+--------------+
|ap_ready          | out |    1| ap_ctrl_hs |     sign<256>    | return value |
|ap_return_0       | out |    1| ap_ctrl_hs |     sign<256>    | return value |
|ap_return_1       | out |    1| ap_ctrl_hs |     sign<256>    | return value |
|ap_return_2       | out |    1| ap_ctrl_hs |     sign<256>    | return value |
|ap_return_3       | out |    1| ap_ctrl_hs |     sign<256>    | return value |
|ap_return_4       | out |    1| ap_ctrl_hs |     sign<256>    | return value |
|ap_return_5       | out |    1| ap_ctrl_hs |     sign<256>    | return value |
|ap_return_6       | out |    1| ap_ctrl_hs |     sign<256>    | return value |
|ap_return_7       | out |    1| ap_ctrl_hs |     sign<256>    | return value |
|ap_return_8       | out |    1| ap_ctrl_hs |     sign<256>    | return value |
|ap_return_9       | out |    1| ap_ctrl_hs |     sign<256>    | return value |
|ap_return_10      | out |    1| ap_ctrl_hs |     sign<256>    | return value |
|ap_return_11      | out |    1| ap_ctrl_hs |     sign<256>    | return value |
|ap_return_12      | out |    1| ap_ctrl_hs |     sign<256>    | return value |
|ap_return_13      | out |    1| ap_ctrl_hs |     sign<256>    | return value |
|ap_return_14      | out |    1| ap_ctrl_hs |     sign<256>    | return value |
|ap_return_15      | out |    1| ap_ctrl_hs |     sign<256>    | return value |
|ap_return_16      | out |    1| ap_ctrl_hs |     sign<256>    | return value |
|ap_return_17      | out |    1| ap_ctrl_hs |     sign<256>    | return value |
|ap_return_18      | out |    1| ap_ctrl_hs |     sign<256>    | return value |
|ap_return_19      | out |    1| ap_ctrl_hs |     sign<256>    | return value |
|ap_return_20      | out |    1| ap_ctrl_hs |     sign<256>    | return value |
|ap_return_21      | out |    1| ap_ctrl_hs |     sign<256>    | return value |
|ap_return_22      | out |    1| ap_ctrl_hs |     sign<256>    | return value |
|ap_return_23      | out |    1| ap_ctrl_hs |     sign<256>    | return value |
|ap_return_24      | out |    1| ap_ctrl_hs |     sign<256>    | return value |
|ap_return_25      | out |    1| ap_ctrl_hs |     sign<256>    | return value |
|ap_return_26      | out |    1| ap_ctrl_hs |     sign<256>    | return value |
|ap_return_27      | out |    1| ap_ctrl_hs |     sign<256>    | return value |
|ap_return_28      | out |    1| ap_ctrl_hs |     sign<256>    | return value |
|ap_return_29      | out |    1| ap_ctrl_hs |     sign<256>    | return value |
|ap_return_30      | out |    1| ap_ctrl_hs |     sign<256>    | return value |
|ap_return_31      | out |    1| ap_ctrl_hs |     sign<256>    | return value |
|ap_return_32      | out |    1| ap_ctrl_hs |     sign<256>    | return value |
|ap_return_33      | out |    1| ap_ctrl_hs |     sign<256>    | return value |
|ap_return_34      | out |    1| ap_ctrl_hs |     sign<256>    | return value |
|ap_return_35      | out |    1| ap_ctrl_hs |     sign<256>    | return value |
|ap_return_36      | out |    1| ap_ctrl_hs |     sign<256>    | return value |
|ap_return_37      | out |    1| ap_ctrl_hs |     sign<256>    | return value |
|ap_return_38      | out |    1| ap_ctrl_hs |     sign<256>    | return value |
|ap_return_39      | out |    1| ap_ctrl_hs |     sign<256>    | return value |
|ap_return_40      | out |    1| ap_ctrl_hs |     sign<256>    | return value |
|ap_return_41      | out |    1| ap_ctrl_hs |     sign<256>    | return value |
|ap_return_42      | out |    1| ap_ctrl_hs |     sign<256>    | return value |
|ap_return_43      | out |    1| ap_ctrl_hs |     sign<256>    | return value |
|ap_return_44      | out |    1| ap_ctrl_hs |     sign<256>    | return value |
|ap_return_45      | out |    1| ap_ctrl_hs |     sign<256>    | return value |
|ap_return_46      | out |    1| ap_ctrl_hs |     sign<256>    | return value |
|ap_return_47      | out |    1| ap_ctrl_hs |     sign<256>    | return value |
|ap_return_48      | out |    1| ap_ctrl_hs |     sign<256>    | return value |
|ap_return_49      | out |    1| ap_ctrl_hs |     sign<256>    | return value |
|ap_return_50      | out |    1| ap_ctrl_hs |     sign<256>    | return value |
|ap_return_51      | out |    1| ap_ctrl_hs |     sign<256>    | return value |
|ap_return_52      | out |    1| ap_ctrl_hs |     sign<256>    | return value |
|ap_return_53      | out |    1| ap_ctrl_hs |     sign<256>    | return value |
|ap_return_54      | out |    1| ap_ctrl_hs |     sign<256>    | return value |
|ap_return_55      | out |    1| ap_ctrl_hs |     sign<256>    | return value |
|ap_return_56      | out |    1| ap_ctrl_hs |     sign<256>    | return value |
|ap_return_57      | out |    1| ap_ctrl_hs |     sign<256>    | return value |
|ap_return_58      | out |    1| ap_ctrl_hs |     sign<256>    | return value |
|ap_return_59      | out |    1| ap_ctrl_hs |     sign<256>    | return value |
|ap_return_60      | out |    1| ap_ctrl_hs |     sign<256>    | return value |
|ap_return_61      | out |    1| ap_ctrl_hs |     sign<256>    | return value |
|ap_return_62      | out |    1| ap_ctrl_hs |     sign<256>    | return value |
|ap_return_63      | out |    1| ap_ctrl_hs |     sign<256>    | return value |
|ap_return_64      | out |    1| ap_ctrl_hs |     sign<256>    | return value |
|ap_return_65      | out |    1| ap_ctrl_hs |     sign<256>    | return value |
|ap_return_66      | out |    1| ap_ctrl_hs |     sign<256>    | return value |
|ap_return_67      | out |    1| ap_ctrl_hs |     sign<256>    | return value |
|ap_return_68      | out |    1| ap_ctrl_hs |     sign<256>    | return value |
|ap_return_69      | out |    1| ap_ctrl_hs |     sign<256>    | return value |
|ap_return_70      | out |    1| ap_ctrl_hs |     sign<256>    | return value |
|ap_return_71      | out |    1| ap_ctrl_hs |     sign<256>    | return value |
|ap_return_72      | out |    1| ap_ctrl_hs |     sign<256>    | return value |
|ap_return_73      | out |    1| ap_ctrl_hs |     sign<256>    | return value |
|ap_return_74      | out |    1| ap_ctrl_hs |     sign<256>    | return value |
|ap_return_75      | out |    1| ap_ctrl_hs |     sign<256>    | return value |
|ap_return_76      | out |    1| ap_ctrl_hs |     sign<256>    | return value |
|ap_return_77      | out |    1| ap_ctrl_hs |     sign<256>    | return value |
|ap_return_78      | out |    1| ap_ctrl_hs |     sign<256>    | return value |
|ap_return_79      | out |    1| ap_ctrl_hs |     sign<256>    | return value |
|ap_return_80      | out |    1| ap_ctrl_hs |     sign<256>    | return value |
|ap_return_81      | out |    1| ap_ctrl_hs |     sign<256>    | return value |
|ap_return_82      | out |    1| ap_ctrl_hs |     sign<256>    | return value |
|ap_return_83      | out |    1| ap_ctrl_hs |     sign<256>    | return value |
|ap_return_84      | out |    1| ap_ctrl_hs |     sign<256>    | return value |
|ap_return_85      | out |    1| ap_ctrl_hs |     sign<256>    | return value |
|ap_return_86      | out |    1| ap_ctrl_hs |     sign<256>    | return value |
|ap_return_87      | out |    1| ap_ctrl_hs |     sign<256>    | return value |
|ap_return_88      | out |    1| ap_ctrl_hs |     sign<256>    | return value |
|ap_return_89      | out |    1| ap_ctrl_hs |     sign<256>    | return value |
|ap_return_90      | out |    1| ap_ctrl_hs |     sign<256>    | return value |
|ap_return_91      | out |    1| ap_ctrl_hs |     sign<256>    | return value |
|ap_return_92      | out |    1| ap_ctrl_hs |     sign<256>    | return value |
|ap_return_93      | out |    1| ap_ctrl_hs |     sign<256>    | return value |
|ap_return_94      | out |    1| ap_ctrl_hs |     sign<256>    | return value |
|ap_return_95      | out |    1| ap_ctrl_hs |     sign<256>    | return value |
|ap_return_96      | out |    1| ap_ctrl_hs |     sign<256>    | return value |
|ap_return_97      | out |    1| ap_ctrl_hs |     sign<256>    | return value |
|ap_return_98      | out |    1| ap_ctrl_hs |     sign<256>    | return value |
|ap_return_99      | out |    1| ap_ctrl_hs |     sign<256>    | return value |
|ap_return_100     | out |    1| ap_ctrl_hs |     sign<256>    | return value |
|ap_return_101     | out |    1| ap_ctrl_hs |     sign<256>    | return value |
|ap_return_102     | out |    1| ap_ctrl_hs |     sign<256>    | return value |
|ap_return_103     | out |    1| ap_ctrl_hs |     sign<256>    | return value |
|ap_return_104     | out |    1| ap_ctrl_hs |     sign<256>    | return value |
|ap_return_105     | out |    1| ap_ctrl_hs |     sign<256>    | return value |
|ap_return_106     | out |    1| ap_ctrl_hs |     sign<256>    | return value |
|ap_return_107     | out |    1| ap_ctrl_hs |     sign<256>    | return value |
|ap_return_108     | out |    1| ap_ctrl_hs |     sign<256>    | return value |
|ap_return_109     | out |    1| ap_ctrl_hs |     sign<256>    | return value |
|ap_return_110     | out |    1| ap_ctrl_hs |     sign<256>    | return value |
|ap_return_111     | out |    1| ap_ctrl_hs |     sign<256>    | return value |
|ap_return_112     | out |    1| ap_ctrl_hs |     sign<256>    | return value |
|ap_return_113     | out |    1| ap_ctrl_hs |     sign<256>    | return value |
|ap_return_114     | out |    1| ap_ctrl_hs |     sign<256>    | return value |
|ap_return_115     | out |    1| ap_ctrl_hs |     sign<256>    | return value |
|ap_return_116     | out |    1| ap_ctrl_hs |     sign<256>    | return value |
|ap_return_117     | out |    1| ap_ctrl_hs |     sign<256>    | return value |
|ap_return_118     | out |    1| ap_ctrl_hs |     sign<256>    | return value |
|ap_return_119     | out |    1| ap_ctrl_hs |     sign<256>    | return value |
|ap_return_120     | out |    1| ap_ctrl_hs |     sign<256>    | return value |
|ap_return_121     | out |    1| ap_ctrl_hs |     sign<256>    | return value |
|ap_return_122     | out |    1| ap_ctrl_hs |     sign<256>    | return value |
|ap_return_123     | out |    1| ap_ctrl_hs |     sign<256>    | return value |
|ap_return_124     | out |    1| ap_ctrl_hs |     sign<256>    | return value |
|ap_return_125     | out |    1| ap_ctrl_hs |     sign<256>    | return value |
|ap_return_126     | out |    1| ap_ctrl_hs |     sign<256>    | return value |
|ap_return_127     | out |    1| ap_ctrl_hs |     sign<256>    | return value |
|ap_return_128     | out |    1| ap_ctrl_hs |     sign<256>    | return value |
|ap_return_129     | out |    1| ap_ctrl_hs |     sign<256>    | return value |
|ap_return_130     | out |    1| ap_ctrl_hs |     sign<256>    | return value |
|ap_return_131     | out |    1| ap_ctrl_hs |     sign<256>    | return value |
|ap_return_132     | out |    1| ap_ctrl_hs |     sign<256>    | return value |
|ap_return_133     | out |    1| ap_ctrl_hs |     sign<256>    | return value |
|ap_return_134     | out |    1| ap_ctrl_hs |     sign<256>    | return value |
|ap_return_135     | out |    1| ap_ctrl_hs |     sign<256>    | return value |
|ap_return_136     | out |    1| ap_ctrl_hs |     sign<256>    | return value |
|ap_return_137     | out |    1| ap_ctrl_hs |     sign<256>    | return value |
|ap_return_138     | out |    1| ap_ctrl_hs |     sign<256>    | return value |
|ap_return_139     | out |    1| ap_ctrl_hs |     sign<256>    | return value |
|ap_return_140     | out |    1| ap_ctrl_hs |     sign<256>    | return value |
|ap_return_141     | out |    1| ap_ctrl_hs |     sign<256>    | return value |
|ap_return_142     | out |    1| ap_ctrl_hs |     sign<256>    | return value |
|ap_return_143     | out |    1| ap_ctrl_hs |     sign<256>    | return value |
|ap_return_144     | out |    1| ap_ctrl_hs |     sign<256>    | return value |
|ap_return_145     | out |    1| ap_ctrl_hs |     sign<256>    | return value |
|ap_return_146     | out |    1| ap_ctrl_hs |     sign<256>    | return value |
|ap_return_147     | out |    1| ap_ctrl_hs |     sign<256>    | return value |
|ap_return_148     | out |    1| ap_ctrl_hs |     sign<256>    | return value |
|ap_return_149     | out |    1| ap_ctrl_hs |     sign<256>    | return value |
|ap_return_150     | out |    1| ap_ctrl_hs |     sign<256>    | return value |
|ap_return_151     | out |    1| ap_ctrl_hs |     sign<256>    | return value |
|ap_return_152     | out |    1| ap_ctrl_hs |     sign<256>    | return value |
|ap_return_153     | out |    1| ap_ctrl_hs |     sign<256>    | return value |
|ap_return_154     | out |    1| ap_ctrl_hs |     sign<256>    | return value |
|ap_return_155     | out |    1| ap_ctrl_hs |     sign<256>    | return value |
|ap_return_156     | out |    1| ap_ctrl_hs |     sign<256>    | return value |
|ap_return_157     | out |    1| ap_ctrl_hs |     sign<256>    | return value |
|ap_return_158     | out |    1| ap_ctrl_hs |     sign<256>    | return value |
|ap_return_159     | out |    1| ap_ctrl_hs |     sign<256>    | return value |
|ap_return_160     | out |    1| ap_ctrl_hs |     sign<256>    | return value |
|ap_return_161     | out |    1| ap_ctrl_hs |     sign<256>    | return value |
|ap_return_162     | out |    1| ap_ctrl_hs |     sign<256>    | return value |
|ap_return_163     | out |    1| ap_ctrl_hs |     sign<256>    | return value |
|ap_return_164     | out |    1| ap_ctrl_hs |     sign<256>    | return value |
|ap_return_165     | out |    1| ap_ctrl_hs |     sign<256>    | return value |
|ap_return_166     | out |    1| ap_ctrl_hs |     sign<256>    | return value |
|ap_return_167     | out |    1| ap_ctrl_hs |     sign<256>    | return value |
|ap_return_168     | out |    1| ap_ctrl_hs |     sign<256>    | return value |
|ap_return_169     | out |    1| ap_ctrl_hs |     sign<256>    | return value |
|ap_return_170     | out |    1| ap_ctrl_hs |     sign<256>    | return value |
|ap_return_171     | out |    1| ap_ctrl_hs |     sign<256>    | return value |
|ap_return_172     | out |    1| ap_ctrl_hs |     sign<256>    | return value |
|ap_return_173     | out |    1| ap_ctrl_hs |     sign<256>    | return value |
|ap_return_174     | out |    1| ap_ctrl_hs |     sign<256>    | return value |
|ap_return_175     | out |    1| ap_ctrl_hs |     sign<256>    | return value |
|ap_return_176     | out |    1| ap_ctrl_hs |     sign<256>    | return value |
|ap_return_177     | out |    1| ap_ctrl_hs |     sign<256>    | return value |
|ap_return_178     | out |    1| ap_ctrl_hs |     sign<256>    | return value |
|ap_return_179     | out |    1| ap_ctrl_hs |     sign<256>    | return value |
|ap_return_180     | out |    1| ap_ctrl_hs |     sign<256>    | return value |
|ap_return_181     | out |    1| ap_ctrl_hs |     sign<256>    | return value |
|ap_return_182     | out |    1| ap_ctrl_hs |     sign<256>    | return value |
|ap_return_183     | out |    1| ap_ctrl_hs |     sign<256>    | return value |
|ap_return_184     | out |    1| ap_ctrl_hs |     sign<256>    | return value |
|ap_return_185     | out |    1| ap_ctrl_hs |     sign<256>    | return value |
|ap_return_186     | out |    1| ap_ctrl_hs |     sign<256>    | return value |
|ap_return_187     | out |    1| ap_ctrl_hs |     sign<256>    | return value |
|ap_return_188     | out |    1| ap_ctrl_hs |     sign<256>    | return value |
|ap_return_189     | out |    1| ap_ctrl_hs |     sign<256>    | return value |
|ap_return_190     | out |    1| ap_ctrl_hs |     sign<256>    | return value |
|ap_return_191     | out |    1| ap_ctrl_hs |     sign<256>    | return value |
|ap_return_192     | out |    1| ap_ctrl_hs |     sign<256>    | return value |
|ap_return_193     | out |    1| ap_ctrl_hs |     sign<256>    | return value |
|ap_return_194     | out |    1| ap_ctrl_hs |     sign<256>    | return value |
|ap_return_195     | out |    1| ap_ctrl_hs |     sign<256>    | return value |
|ap_return_196     | out |    1| ap_ctrl_hs |     sign<256>    | return value |
|ap_return_197     | out |    1| ap_ctrl_hs |     sign<256>    | return value |
|ap_return_198     | out |    1| ap_ctrl_hs |     sign<256>    | return value |
|ap_return_199     | out |    1| ap_ctrl_hs |     sign<256>    | return value |
|ap_return_200     | out |    1| ap_ctrl_hs |     sign<256>    | return value |
|ap_return_201     | out |    1| ap_ctrl_hs |     sign<256>    | return value |
|ap_return_202     | out |    1| ap_ctrl_hs |     sign<256>    | return value |
|ap_return_203     | out |    1| ap_ctrl_hs |     sign<256>    | return value |
|ap_return_204     | out |    1| ap_ctrl_hs |     sign<256>    | return value |
|ap_return_205     | out |    1| ap_ctrl_hs |     sign<256>    | return value |
|ap_return_206     | out |    1| ap_ctrl_hs |     sign<256>    | return value |
|ap_return_207     | out |    1| ap_ctrl_hs |     sign<256>    | return value |
|ap_return_208     | out |    1| ap_ctrl_hs |     sign<256>    | return value |
|ap_return_209     | out |    1| ap_ctrl_hs |     sign<256>    | return value |
|ap_return_210     | out |    1| ap_ctrl_hs |     sign<256>    | return value |
|ap_return_211     | out |    1| ap_ctrl_hs |     sign<256>    | return value |
|ap_return_212     | out |    1| ap_ctrl_hs |     sign<256>    | return value |
|ap_return_213     | out |    1| ap_ctrl_hs |     sign<256>    | return value |
|ap_return_214     | out |    1| ap_ctrl_hs |     sign<256>    | return value |
|ap_return_215     | out |    1| ap_ctrl_hs |     sign<256>    | return value |
|ap_return_216     | out |    1| ap_ctrl_hs |     sign<256>    | return value |
|ap_return_217     | out |    1| ap_ctrl_hs |     sign<256>    | return value |
|ap_return_218     | out |    1| ap_ctrl_hs |     sign<256>    | return value |
|ap_return_219     | out |    1| ap_ctrl_hs |     sign<256>    | return value |
|ap_return_220     | out |    1| ap_ctrl_hs |     sign<256>    | return value |
|ap_return_221     | out |    1| ap_ctrl_hs |     sign<256>    | return value |
|ap_return_222     | out |    1| ap_ctrl_hs |     sign<256>    | return value |
|ap_return_223     | out |    1| ap_ctrl_hs |     sign<256>    | return value |
|ap_return_224     | out |    1| ap_ctrl_hs |     sign<256>    | return value |
|ap_return_225     | out |    1| ap_ctrl_hs |     sign<256>    | return value |
|ap_return_226     | out |    1| ap_ctrl_hs |     sign<256>    | return value |
|ap_return_227     | out |    1| ap_ctrl_hs |     sign<256>    | return value |
|ap_return_228     | out |    1| ap_ctrl_hs |     sign<256>    | return value |
|ap_return_229     | out |    1| ap_ctrl_hs |     sign<256>    | return value |
|ap_return_230     | out |    1| ap_ctrl_hs |     sign<256>    | return value |
|ap_return_231     | out |    1| ap_ctrl_hs |     sign<256>    | return value |
|ap_return_232     | out |    1| ap_ctrl_hs |     sign<256>    | return value |
|ap_return_233     | out |    1| ap_ctrl_hs |     sign<256>    | return value |
|ap_return_234     | out |    1| ap_ctrl_hs |     sign<256>    | return value |
|ap_return_235     | out |    1| ap_ctrl_hs |     sign<256>    | return value |
|ap_return_236     | out |    1| ap_ctrl_hs |     sign<256>    | return value |
|ap_return_237     | out |    1| ap_ctrl_hs |     sign<256>    | return value |
|ap_return_238     | out |    1| ap_ctrl_hs |     sign<256>    | return value |
|ap_return_239     | out |    1| ap_ctrl_hs |     sign<256>    | return value |
|ap_return_240     | out |    1| ap_ctrl_hs |     sign<256>    | return value |
|ap_return_241     | out |    1| ap_ctrl_hs |     sign<256>    | return value |
|ap_return_242     | out |    1| ap_ctrl_hs |     sign<256>    | return value |
|ap_return_243     | out |    1| ap_ctrl_hs |     sign<256>    | return value |
|ap_return_244     | out |    1| ap_ctrl_hs |     sign<256>    | return value |
|ap_return_245     | out |    1| ap_ctrl_hs |     sign<256>    | return value |
|ap_return_246     | out |    1| ap_ctrl_hs |     sign<256>    | return value |
|ap_return_247     | out |    1| ap_ctrl_hs |     sign<256>    | return value |
|ap_return_248     | out |    1| ap_ctrl_hs |     sign<256>    | return value |
|ap_return_249     | out |    1| ap_ctrl_hs |     sign<256>    | return value |
|ap_return_250     | out |    1| ap_ctrl_hs |     sign<256>    | return value |
|ap_return_251     | out |    1| ap_ctrl_hs |     sign<256>    | return value |
|ap_return_252     | out |    1| ap_ctrl_hs |     sign<256>    | return value |
|ap_return_253     | out |    1| ap_ctrl_hs |     sign<256>    | return value |
|ap_return_254     | out |    1| ap_ctrl_hs |     sign<256>    | return value |
|ap_return_255     | out |    1| ap_ctrl_hs |     sign<256>    | return value |
|input_0_V_read    |  in |   16|   ap_none  |  input_0_V_read  |    scalar    |
|input_1_V_read    |  in |   16|   ap_none  |  input_1_V_read  |    scalar    |
|input_2_V_read    |  in |   16|   ap_none  |  input_2_V_read  |    scalar    |
|input_3_V_read    |  in |   16|   ap_none  |  input_3_V_read  |    scalar    |
|input_4_V_read    |  in |   16|   ap_none  |  input_4_V_read  |    scalar    |
|input_5_V_read    |  in |   16|   ap_none  |  input_5_V_read  |    scalar    |
|input_6_V_read    |  in |   16|   ap_none  |  input_6_V_read  |    scalar    |
|input_7_V_read    |  in |   16|   ap_none  |  input_7_V_read  |    scalar    |
|input_8_V_read    |  in |   16|   ap_none  |  input_8_V_read  |    scalar    |
|input_9_V_read    |  in |   16|   ap_none  |  input_9_V_read  |    scalar    |
|input_10_V_read   |  in |   16|   ap_none  |  input_10_V_read |    scalar    |
|input_11_V_read   |  in |   16|   ap_none  |  input_11_V_read |    scalar    |
|input_12_V_read   |  in |   16|   ap_none  |  input_12_V_read |    scalar    |
|input_13_V_read   |  in |   16|   ap_none  |  input_13_V_read |    scalar    |
|input_14_V_read   |  in |   16|   ap_none  |  input_14_V_read |    scalar    |
|input_15_V_read   |  in |   16|   ap_none  |  input_15_V_read |    scalar    |
|input_16_V_read   |  in |   16|   ap_none  |  input_16_V_read |    scalar    |
|input_17_V_read   |  in |   16|   ap_none  |  input_17_V_read |    scalar    |
|input_18_V_read   |  in |   16|   ap_none  |  input_18_V_read |    scalar    |
|input_19_V_read   |  in |   16|   ap_none  |  input_19_V_read |    scalar    |
|input_20_V_read   |  in |   16|   ap_none  |  input_20_V_read |    scalar    |
|input_21_V_read   |  in |   16|   ap_none  |  input_21_V_read |    scalar    |
|input_22_V_read   |  in |   16|   ap_none  |  input_22_V_read |    scalar    |
|input_23_V_read   |  in |   16|   ap_none  |  input_23_V_read |    scalar    |
|input_24_V_read   |  in |   16|   ap_none  |  input_24_V_read |    scalar    |
|input_25_V_read   |  in |   16|   ap_none  |  input_25_V_read |    scalar    |
|input_26_V_read   |  in |   16|   ap_none  |  input_26_V_read |    scalar    |
|input_27_V_read   |  in |   16|   ap_none  |  input_27_V_read |    scalar    |
|input_28_V_read   |  in |   16|   ap_none  |  input_28_V_read |    scalar    |
|input_29_V_read   |  in |   16|   ap_none  |  input_29_V_read |    scalar    |
|input_30_V_read   |  in |   16|   ap_none  |  input_30_V_read |    scalar    |
|input_31_V_read   |  in |   16|   ap_none  |  input_31_V_read |    scalar    |
|input_32_V_read   |  in |   16|   ap_none  |  input_32_V_read |    scalar    |
|input_33_V_read   |  in |   16|   ap_none  |  input_33_V_read |    scalar    |
|input_34_V_read   |  in |   16|   ap_none  |  input_34_V_read |    scalar    |
|input_35_V_read   |  in |   16|   ap_none  |  input_35_V_read |    scalar    |
|input_36_V_read   |  in |   16|   ap_none  |  input_36_V_read |    scalar    |
|input_37_V_read   |  in |   16|   ap_none  |  input_37_V_read |    scalar    |
|input_38_V_read   |  in |   16|   ap_none  |  input_38_V_read |    scalar    |
|input_39_V_read   |  in |   16|   ap_none  |  input_39_V_read |    scalar    |
|input_40_V_read   |  in |   16|   ap_none  |  input_40_V_read |    scalar    |
|input_41_V_read   |  in |   16|   ap_none  |  input_41_V_read |    scalar    |
|input_42_V_read   |  in |   16|   ap_none  |  input_42_V_read |    scalar    |
|input_43_V_read   |  in |   16|   ap_none  |  input_43_V_read |    scalar    |
|input_44_V_read   |  in |   16|   ap_none  |  input_44_V_read |    scalar    |
|input_45_V_read   |  in |   16|   ap_none  |  input_45_V_read |    scalar    |
|input_46_V_read   |  in |   16|   ap_none  |  input_46_V_read |    scalar    |
|input_47_V_read   |  in |   16|   ap_none  |  input_47_V_read |    scalar    |
|input_48_V_read   |  in |   16|   ap_none  |  input_48_V_read |    scalar    |
|input_49_V_read   |  in |   16|   ap_none  |  input_49_V_read |    scalar    |
|input_50_V_read   |  in |   16|   ap_none  |  input_50_V_read |    scalar    |
|input_51_V_read   |  in |   16|   ap_none  |  input_51_V_read |    scalar    |
|input_52_V_read   |  in |   16|   ap_none  |  input_52_V_read |    scalar    |
|input_53_V_read   |  in |   16|   ap_none  |  input_53_V_read |    scalar    |
|input_54_V_read   |  in |   16|   ap_none  |  input_54_V_read |    scalar    |
|input_55_V_read   |  in |   16|   ap_none  |  input_55_V_read |    scalar    |
|input_56_V_read   |  in |   16|   ap_none  |  input_56_V_read |    scalar    |
|input_57_V_read   |  in |   16|   ap_none  |  input_57_V_read |    scalar    |
|input_58_V_read   |  in |   16|   ap_none  |  input_58_V_read |    scalar    |
|input_59_V_read   |  in |   16|   ap_none  |  input_59_V_read |    scalar    |
|input_60_V_read   |  in |   16|   ap_none  |  input_60_V_read |    scalar    |
|input_61_V_read   |  in |   16|   ap_none  |  input_61_V_read |    scalar    |
|input_62_V_read   |  in |   16|   ap_none  |  input_62_V_read |    scalar    |
|input_63_V_read   |  in |   16|   ap_none  |  input_63_V_read |    scalar    |
|input_64_V_read   |  in |   16|   ap_none  |  input_64_V_read |    scalar    |
|input_65_V_read   |  in |   16|   ap_none  |  input_65_V_read |    scalar    |
|input_66_V_read   |  in |   16|   ap_none  |  input_66_V_read |    scalar    |
|input_67_V_read   |  in |   16|   ap_none  |  input_67_V_read |    scalar    |
|input_68_V_read   |  in |   16|   ap_none  |  input_68_V_read |    scalar    |
|input_69_V_read   |  in |   16|   ap_none  |  input_69_V_read |    scalar    |
|input_70_V_read   |  in |   16|   ap_none  |  input_70_V_read |    scalar    |
|input_71_V_read   |  in |   16|   ap_none  |  input_71_V_read |    scalar    |
|input_72_V_read   |  in |   16|   ap_none  |  input_72_V_read |    scalar    |
|input_73_V_read   |  in |   16|   ap_none  |  input_73_V_read |    scalar    |
|input_74_V_read   |  in |   16|   ap_none  |  input_74_V_read |    scalar    |
|input_75_V_read   |  in |   16|   ap_none  |  input_75_V_read |    scalar    |
|input_76_V_read   |  in |   16|   ap_none  |  input_76_V_read |    scalar    |
|input_77_V_read   |  in |   16|   ap_none  |  input_77_V_read |    scalar    |
|input_78_V_read   |  in |   16|   ap_none  |  input_78_V_read |    scalar    |
|input_79_V_read   |  in |   16|   ap_none  |  input_79_V_read |    scalar    |
|input_80_V_read   |  in |   16|   ap_none  |  input_80_V_read |    scalar    |
|input_81_V_read   |  in |   16|   ap_none  |  input_81_V_read |    scalar    |
|input_82_V_read   |  in |   16|   ap_none  |  input_82_V_read |    scalar    |
|input_83_V_read   |  in |   16|   ap_none  |  input_83_V_read |    scalar    |
|input_84_V_read   |  in |   16|   ap_none  |  input_84_V_read |    scalar    |
|input_85_V_read   |  in |   16|   ap_none  |  input_85_V_read |    scalar    |
|input_86_V_read   |  in |   16|   ap_none  |  input_86_V_read |    scalar    |
|input_87_V_read   |  in |   16|   ap_none  |  input_87_V_read |    scalar    |
|input_88_V_read   |  in |   16|   ap_none  |  input_88_V_read |    scalar    |
|input_89_V_read   |  in |   16|   ap_none  |  input_89_V_read |    scalar    |
|input_90_V_read   |  in |   16|   ap_none  |  input_90_V_read |    scalar    |
|input_91_V_read   |  in |   16|   ap_none  |  input_91_V_read |    scalar    |
|input_92_V_read   |  in |   16|   ap_none  |  input_92_V_read |    scalar    |
|input_93_V_read   |  in |   16|   ap_none  |  input_93_V_read |    scalar    |
|input_94_V_read   |  in |   16|   ap_none  |  input_94_V_read |    scalar    |
|input_95_V_read   |  in |   16|   ap_none  |  input_95_V_read |    scalar    |
|input_96_V_read   |  in |   16|   ap_none  |  input_96_V_read |    scalar    |
|input_97_V_read   |  in |   16|   ap_none  |  input_97_V_read |    scalar    |
|input_98_V_read   |  in |   16|   ap_none  |  input_98_V_read |    scalar    |
|input_99_V_read   |  in |   16|   ap_none  |  input_99_V_read |    scalar    |
|input_100_V_read  |  in |   16|   ap_none  | input_100_V_read |    scalar    |
|input_101_V_read  |  in |   16|   ap_none  | input_101_V_read |    scalar    |
|input_102_V_read  |  in |   16|   ap_none  | input_102_V_read |    scalar    |
|input_103_V_read  |  in |   16|   ap_none  | input_103_V_read |    scalar    |
|input_104_V_read  |  in |   16|   ap_none  | input_104_V_read |    scalar    |
|input_105_V_read  |  in |   16|   ap_none  | input_105_V_read |    scalar    |
|input_106_V_read  |  in |   16|   ap_none  | input_106_V_read |    scalar    |
|input_107_V_read  |  in |   16|   ap_none  | input_107_V_read |    scalar    |
|input_108_V_read  |  in |   16|   ap_none  | input_108_V_read |    scalar    |
|input_109_V_read  |  in |   16|   ap_none  | input_109_V_read |    scalar    |
|input_110_V_read  |  in |   16|   ap_none  | input_110_V_read |    scalar    |
|input_111_V_read  |  in |   16|   ap_none  | input_111_V_read |    scalar    |
|input_112_V_read  |  in |   16|   ap_none  | input_112_V_read |    scalar    |
|input_113_V_read  |  in |   16|   ap_none  | input_113_V_read |    scalar    |
|input_114_V_read  |  in |   16|   ap_none  | input_114_V_read |    scalar    |
|input_115_V_read  |  in |   16|   ap_none  | input_115_V_read |    scalar    |
|input_116_V_read  |  in |   16|   ap_none  | input_116_V_read |    scalar    |
|input_117_V_read  |  in |   16|   ap_none  | input_117_V_read |    scalar    |
|input_118_V_read  |  in |   16|   ap_none  | input_118_V_read |    scalar    |
|input_119_V_read  |  in |   16|   ap_none  | input_119_V_read |    scalar    |
|input_120_V_read  |  in |   16|   ap_none  | input_120_V_read |    scalar    |
|input_121_V_read  |  in |   16|   ap_none  | input_121_V_read |    scalar    |
|input_122_V_read  |  in |   16|   ap_none  | input_122_V_read |    scalar    |
|input_123_V_read  |  in |   16|   ap_none  | input_123_V_read |    scalar    |
|input_124_V_read  |  in |   16|   ap_none  | input_124_V_read |    scalar    |
|input_125_V_read  |  in |   16|   ap_none  | input_125_V_read |    scalar    |
|input_126_V_read  |  in |   16|   ap_none  | input_126_V_read |    scalar    |
|input_127_V_read  |  in |   16|   ap_none  | input_127_V_read |    scalar    |
|input_128_V_read  |  in |   16|   ap_none  | input_128_V_read |    scalar    |
|input_129_V_read  |  in |   16|   ap_none  | input_129_V_read |    scalar    |
|input_130_V_read  |  in |   16|   ap_none  | input_130_V_read |    scalar    |
|input_131_V_read  |  in |   16|   ap_none  | input_131_V_read |    scalar    |
|input_132_V_read  |  in |   16|   ap_none  | input_132_V_read |    scalar    |
|input_133_V_read  |  in |   16|   ap_none  | input_133_V_read |    scalar    |
|input_134_V_read  |  in |   16|   ap_none  | input_134_V_read |    scalar    |
|input_135_V_read  |  in |   16|   ap_none  | input_135_V_read |    scalar    |
|input_136_V_read  |  in |   16|   ap_none  | input_136_V_read |    scalar    |
|input_137_V_read  |  in |   16|   ap_none  | input_137_V_read |    scalar    |
|input_138_V_read  |  in |   16|   ap_none  | input_138_V_read |    scalar    |
|input_139_V_read  |  in |   16|   ap_none  | input_139_V_read |    scalar    |
|input_140_V_read  |  in |   16|   ap_none  | input_140_V_read |    scalar    |
|input_141_V_read  |  in |   16|   ap_none  | input_141_V_read |    scalar    |
|input_142_V_read  |  in |   16|   ap_none  | input_142_V_read |    scalar    |
|input_143_V_read  |  in |   16|   ap_none  | input_143_V_read |    scalar    |
|input_144_V_read  |  in |   16|   ap_none  | input_144_V_read |    scalar    |
|input_145_V_read  |  in |   16|   ap_none  | input_145_V_read |    scalar    |
|input_146_V_read  |  in |   16|   ap_none  | input_146_V_read |    scalar    |
|input_147_V_read  |  in |   16|   ap_none  | input_147_V_read |    scalar    |
|input_148_V_read  |  in |   16|   ap_none  | input_148_V_read |    scalar    |
|input_149_V_read  |  in |   16|   ap_none  | input_149_V_read |    scalar    |
|input_150_V_read  |  in |   16|   ap_none  | input_150_V_read |    scalar    |
|input_151_V_read  |  in |   16|   ap_none  | input_151_V_read |    scalar    |
|input_152_V_read  |  in |   16|   ap_none  | input_152_V_read |    scalar    |
|input_153_V_read  |  in |   16|   ap_none  | input_153_V_read |    scalar    |
|input_154_V_read  |  in |   16|   ap_none  | input_154_V_read |    scalar    |
|input_155_V_read  |  in |   16|   ap_none  | input_155_V_read |    scalar    |
|input_156_V_read  |  in |   16|   ap_none  | input_156_V_read |    scalar    |
|input_157_V_read  |  in |   16|   ap_none  | input_157_V_read |    scalar    |
|input_158_V_read  |  in |   16|   ap_none  | input_158_V_read |    scalar    |
|input_159_V_read  |  in |   16|   ap_none  | input_159_V_read |    scalar    |
|input_160_V_read  |  in |   16|   ap_none  | input_160_V_read |    scalar    |
|input_161_V_read  |  in |   16|   ap_none  | input_161_V_read |    scalar    |
|input_162_V_read  |  in |   16|   ap_none  | input_162_V_read |    scalar    |
|input_163_V_read  |  in |   16|   ap_none  | input_163_V_read |    scalar    |
|input_164_V_read  |  in |   16|   ap_none  | input_164_V_read |    scalar    |
|input_165_V_read  |  in |   16|   ap_none  | input_165_V_read |    scalar    |
|input_166_V_read  |  in |   16|   ap_none  | input_166_V_read |    scalar    |
|input_167_V_read  |  in |   16|   ap_none  | input_167_V_read |    scalar    |
|input_168_V_read  |  in |   16|   ap_none  | input_168_V_read |    scalar    |
|input_169_V_read  |  in |   16|   ap_none  | input_169_V_read |    scalar    |
|input_170_V_read  |  in |   16|   ap_none  | input_170_V_read |    scalar    |
|input_171_V_read  |  in |   16|   ap_none  | input_171_V_read |    scalar    |
|input_172_V_read  |  in |   16|   ap_none  | input_172_V_read |    scalar    |
|input_173_V_read  |  in |   16|   ap_none  | input_173_V_read |    scalar    |
|input_174_V_read  |  in |   16|   ap_none  | input_174_V_read |    scalar    |
|input_175_V_read  |  in |   16|   ap_none  | input_175_V_read |    scalar    |
|input_176_V_read  |  in |   16|   ap_none  | input_176_V_read |    scalar    |
|input_177_V_read  |  in |   16|   ap_none  | input_177_V_read |    scalar    |
|input_178_V_read  |  in |   16|   ap_none  | input_178_V_read |    scalar    |
|input_179_V_read  |  in |   16|   ap_none  | input_179_V_read |    scalar    |
|input_180_V_read  |  in |   16|   ap_none  | input_180_V_read |    scalar    |
|input_181_V_read  |  in |   16|   ap_none  | input_181_V_read |    scalar    |
|input_182_V_read  |  in |   16|   ap_none  | input_182_V_read |    scalar    |
|input_183_V_read  |  in |   16|   ap_none  | input_183_V_read |    scalar    |
|input_184_V_read  |  in |   16|   ap_none  | input_184_V_read |    scalar    |
|input_185_V_read  |  in |   16|   ap_none  | input_185_V_read |    scalar    |
|input_186_V_read  |  in |   16|   ap_none  | input_186_V_read |    scalar    |
|input_187_V_read  |  in |   16|   ap_none  | input_187_V_read |    scalar    |
|input_188_V_read  |  in |   16|   ap_none  | input_188_V_read |    scalar    |
|input_189_V_read  |  in |   16|   ap_none  | input_189_V_read |    scalar    |
|input_190_V_read  |  in |   16|   ap_none  | input_190_V_read |    scalar    |
|input_191_V_read  |  in |   16|   ap_none  | input_191_V_read |    scalar    |
|input_192_V_read  |  in |   16|   ap_none  | input_192_V_read |    scalar    |
|input_193_V_read  |  in |   16|   ap_none  | input_193_V_read |    scalar    |
|input_194_V_read  |  in |   16|   ap_none  | input_194_V_read |    scalar    |
|input_195_V_read  |  in |   16|   ap_none  | input_195_V_read |    scalar    |
|input_196_V_read  |  in |   16|   ap_none  | input_196_V_read |    scalar    |
|input_197_V_read  |  in |   16|   ap_none  | input_197_V_read |    scalar    |
|input_198_V_read  |  in |   16|   ap_none  | input_198_V_read |    scalar    |
|input_199_V_read  |  in |   16|   ap_none  | input_199_V_read |    scalar    |
|input_200_V_read  |  in |   16|   ap_none  | input_200_V_read |    scalar    |
|input_201_V_read  |  in |   16|   ap_none  | input_201_V_read |    scalar    |
|input_202_V_read  |  in |   16|   ap_none  | input_202_V_read |    scalar    |
|input_203_V_read  |  in |   16|   ap_none  | input_203_V_read |    scalar    |
|input_204_V_read  |  in |   16|   ap_none  | input_204_V_read |    scalar    |
|input_205_V_read  |  in |   16|   ap_none  | input_205_V_read |    scalar    |
|input_206_V_read  |  in |   16|   ap_none  | input_206_V_read |    scalar    |
|input_207_V_read  |  in |   16|   ap_none  | input_207_V_read |    scalar    |
|input_208_V_read  |  in |   16|   ap_none  | input_208_V_read |    scalar    |
|input_209_V_read  |  in |   16|   ap_none  | input_209_V_read |    scalar    |
|input_210_V_read  |  in |   16|   ap_none  | input_210_V_read |    scalar    |
|input_211_V_read  |  in |   16|   ap_none  | input_211_V_read |    scalar    |
|input_212_V_read  |  in |   16|   ap_none  | input_212_V_read |    scalar    |
|input_213_V_read  |  in |   16|   ap_none  | input_213_V_read |    scalar    |
|input_214_V_read  |  in |   16|   ap_none  | input_214_V_read |    scalar    |
|input_215_V_read  |  in |   16|   ap_none  | input_215_V_read |    scalar    |
|input_216_V_read  |  in |   16|   ap_none  | input_216_V_read |    scalar    |
|input_217_V_read  |  in |   16|   ap_none  | input_217_V_read |    scalar    |
|input_218_V_read  |  in |   16|   ap_none  | input_218_V_read |    scalar    |
|input_219_V_read  |  in |   16|   ap_none  | input_219_V_read |    scalar    |
|input_220_V_read  |  in |   16|   ap_none  | input_220_V_read |    scalar    |
|input_221_V_read  |  in |   16|   ap_none  | input_221_V_read |    scalar    |
|input_222_V_read  |  in |   16|   ap_none  | input_222_V_read |    scalar    |
|input_223_V_read  |  in |   16|   ap_none  | input_223_V_read |    scalar    |
|input_224_V_read  |  in |   16|   ap_none  | input_224_V_read |    scalar    |
|input_225_V_read  |  in |   16|   ap_none  | input_225_V_read |    scalar    |
|input_226_V_read  |  in |   16|   ap_none  | input_226_V_read |    scalar    |
|input_227_V_read  |  in |   16|   ap_none  | input_227_V_read |    scalar    |
|input_228_V_read  |  in |   16|   ap_none  | input_228_V_read |    scalar    |
|input_229_V_read  |  in |   16|   ap_none  | input_229_V_read |    scalar    |
|input_230_V_read  |  in |   16|   ap_none  | input_230_V_read |    scalar    |
|input_231_V_read  |  in |   16|   ap_none  | input_231_V_read |    scalar    |
|input_232_V_read  |  in |   16|   ap_none  | input_232_V_read |    scalar    |
|input_233_V_read  |  in |   16|   ap_none  | input_233_V_read |    scalar    |
|input_234_V_read  |  in |   16|   ap_none  | input_234_V_read |    scalar    |
|input_235_V_read  |  in |   16|   ap_none  | input_235_V_read |    scalar    |
|input_236_V_read  |  in |   16|   ap_none  | input_236_V_read |    scalar    |
|input_237_V_read  |  in |   16|   ap_none  | input_237_V_read |    scalar    |
|input_238_V_read  |  in |   16|   ap_none  | input_238_V_read |    scalar    |
|input_239_V_read  |  in |   16|   ap_none  | input_239_V_read |    scalar    |
|input_240_V_read  |  in |   16|   ap_none  | input_240_V_read |    scalar    |
|input_241_V_read  |  in |   16|   ap_none  | input_241_V_read |    scalar    |
|input_242_V_read  |  in |   16|   ap_none  | input_242_V_read |    scalar    |
|input_243_V_read  |  in |   16|   ap_none  | input_243_V_read |    scalar    |
|input_244_V_read  |  in |   16|   ap_none  | input_244_V_read |    scalar    |
|input_245_V_read  |  in |   16|   ap_none  | input_245_V_read |    scalar    |
|input_246_V_read  |  in |   16|   ap_none  | input_246_V_read |    scalar    |
|input_247_V_read  |  in |   16|   ap_none  | input_247_V_read |    scalar    |
|input_248_V_read  |  in |   16|   ap_none  | input_248_V_read |    scalar    |
|input_249_V_read  |  in |   16|   ap_none  | input_249_V_read |    scalar    |
|input_250_V_read  |  in |   16|   ap_none  | input_250_V_read |    scalar    |
|input_251_V_read  |  in |   16|   ap_none  | input_251_V_read |    scalar    |
|input_252_V_read  |  in |   16|   ap_none  | input_252_V_read |    scalar    |
|input_253_V_read  |  in |   16|   ap_none  | input_253_V_read |    scalar    |
|input_254_V_read  |  in |   16|   ap_none  | input_254_V_read |    scalar    |
|input_255_V_read  |  in |   16|   ap_none  | input_255_V_read |    scalar    |
+------------------+-----+-----+------------+------------------+--------------+

